Microchip MPLAB XC8 Compiler V1.30 ()

Linker command line:

--edf=C:\Program Files (x86)\Microchip\xc8\v1.30\dat\en_msgs.txt -cs \
  -h+dist/UseXC8/production\PIC_Framework_3.X.production.sym \
  --cmf=dist/UseXC8/production\PIC_Framework_3.X.production.cmf -z \
  -Q18F45J10 -oC:\Users\Devon\AppData\Local\Temp\s8so.6 \
  -Mdist/UseXC8/production/PIC_Framework_3.X.production.map -E1 -ver=XC8 \
  -ASTACK=037Eh-03ffh -pstack=STACK -ACODE=00h-07FF7h -ACONST=00h-07FF7h \
  -ASMALLCONST=0400h-04FFhx123,07F00h-07FF7h -AMEDIUMCONST=0400h-07FF7h \
  -ACOMRAM=01h-07Fh -AABS1=00h-03FFh -ABIGRAM=01h-03FFh \
  -ARAM=080h-0FFh,0100h-01FFhx3 -ABANK0=080h-0FFh -ABANK1=0100h-01FFh \
  -ABANK2=0200h-02FFh -ABANK3=0300h-03FFh -ASFR=0F80h-0FFFh \
  -preset_vec=00h,intcode=08h,intcodelo=018h,powerup,init,end_init \
  -pramtop=0400h -psmallconst=SMALLCONST -pmediumconst=MEDIUMCONST \
  -pconst=CONST -AFARRAM=00h-00h -ACONFIG=07FF8h-07FFDh -pconfig=CONFIG \
  -pjflash_buffer=07800h \
  -prdata=COMRAM,nvrram=COMRAM,nvbit=COMRAM,rbss=COMRAM,rbit=COMRAM \
  -pfarbss=FARRAM,fardata=FARRAM,nvFARRAM=FARRAM \
  -pintsave_regs=BIGRAM,bigbss=BIGRAM,bigdata=BIGRAM -pbss=RAM \
  -pidata=CODE,irdata=CODE,ibigdata=CODE,ifardata=CODE \
  C:\Users\Devon\AppData\Local\Temp\s8so.obj \
  dist/UseXC8/production\PIC_Framework_3.X.production.obj 

Object code version is 3.11

Machine type is 18F45J10

Call graph: (short form)




                Name                               Link     Load   Length Selector   Space Scale
C:\Users\Devon\AppData\Local\Temp\s8so.obj
                end_init                             C0       C0        4        C       0
                reset_vec                             0        0        4        0       0
                config                             7FF8     7FF8        6     7FF8       0
dist/UseXC8/production\PIC_Framework_3.X.production.obj
                intcodelo                            18       18       A8        C       0
                intcode                               8        8        C        4       0
                text54                             1BD2     1BD2        6        C       0
                text53                             1A86     1A86       24        C       0
                text52                             1BB8     1BB8        C        C       0
                text51                             19E0     19E0       2E        C       0
                text50                             172C     172C       4E        C       0
                text49                             16DC     16DC       50        C       0
                text48                              DC8      DC8       F6        C       0
                text47                             19AA     19AA       36        C       0
                text46                              FB2      FB2       C8        C       0
                text45                              EBE      EBE       F4        C       0
                text44                               C4       C4      680        C       0
                text43                             1BCC     1BCC        6        C       0
                text42                             1BDC     1BDC        4        C       0
                text41                             1B98     1B98       12        C       0
                text40                             1B86     1B86       12        C       0
                intcode_body                       1360     1360       82        C       0
                text38                             1AAA     1AAA       22        C       0
                text37                             1B74     1B74       12        C       0
                text36                             1BAA     1BAA        E        C       0
                text35                             1B0A     1B0A       1E        C       0
                text34                             1888     1888       40        C       0
                text33                             107A     107A       AA        C       0
                text32                             1A60     1A60       26        C       0
                text31                             1124     1124       9C        C       0
                text29                             12DC     12DC       84        C       0
                text28                             1A0E     1A0E       2A        C       0
                text27                             1906     1906       38        C       0
                text26                             11C0     11C0       92        C       0
                text25                             1ACC     1ACC       20        C       0
                text24                             1624     1624       5E        C       0
                text23                              B8E      B8E      136        C       0
                text22                             1846     1846       42        C       0
                text21                             1804     1804       42        C       0
                text20                             1B28     1B28       16        C       0
                text19                             1974     1974       36        C       0
                text18                             1B62     1B62       12        C       0
                text17                             177A     177A       46        C       0
                text16                             17C0     17C0       44        C       0
                text15                             13E2     13E2       7E        C       0
                text14                             1BC4     1BC4        8        C       0
                text13                             1A38     1A38       28        C       0
                text12                              A50      A50      13E        C       0
                text11                             15BA     15BA       6A        C       0
                text10                             1460     1460       7A        C       0
                text9                              154C     154C       6E        C       0
                text8                              1B50     1B50       12        C       0
                text7                              1AEC     1AEC       1E        C       0
                text6                              1B3E     1B3E       12        C       0
                text5                               CC4      CC4      104        C       0
                text4                              193E     193E       36        C       0
                text3                              1252     1252       8A        C       0
                text2                              14DA     14DA       72        C       0
                text1                              18C8     18C8       3E        C       0
                text0                               744      744      30C        C       0
                cstackCOMRAM                          1        1       33        1       1
                cstackBANK0                          80       80       50       80       1
                cstackBANK1                         17E      17E       74      100       1
                bssBANK3                            300      300       7E      300       1
                bssBANK2                            200      200       FC      200       1
                dataBANK1                           1F2      1F2        4      100       1
                bssBANK1                            100      100       7E      100       1
                bssCOMRAM                            34       34       1E        1       1
                cinit                              1682     1682       5A        C       0
                nvBANK0                              D0       D0        2       80       1
                nvCOMRAM                             52       52        2        1       1
                idataBANK1                         1BD8     1BD8        4        C       0

TOTAL           Name                               Link     Load   Length     Space
        CLASS   STACK          

        CLASS   CODE           
                end_init                             C0       C0        4         0
                intcodelo                            18       18       A8         0
                intcode                               8        8        C         0
                reset_vec                             0        0        4         0
                text54                             1BD2     1BD2        6         0
                text53                             1A86     1A86       24         0
                text52                             1BB8     1BB8        C         0
                text51                             19E0     19E0       2E         0
                text50                             172C     172C       4E         0
                text49                             16DC     16DC       50         0
                text48                              DC8      DC8       F6         0
                text47                             19AA     19AA       36         0
                text46                              FB2      FB2       C8         0
                text45                              EBE      EBE       F4         0
                text44                               C4       C4      680         0
                text43                             1BCC     1BCC        6         0
                text42                             1BDC     1BDC        4         0
                text41                             1B98     1B98       12         0
                text40                             1B86     1B86       12         0
                intcode_body                       1360     1360       82         0
                text38                             1AAA     1AAA       22         0
                text37                             1B74     1B74       12         0
                text36                             1BAA     1BAA        E         0
                text35                             1B0A     1B0A       1E         0
                text34                             1888     1888       40         0
                text33                             107A     107A       AA         0
                text32                             1A60     1A60       26         0
                text31                             1124     1124       9C         0
                text29                             12DC     12DC       84         0
                text28                             1A0E     1A0E       2A         0
                text27                             1906     1906       38         0
                text26                             11C0     11C0       92         0
                text25                             1ACC     1ACC       20         0
                text24                             1624     1624       5E         0
                text23                              B8E      B8E      136         0
                text22                             1846     1846       42         0
                text21                             1804     1804       42         0
                text20                             1B28     1B28       16         0
                text19                             1974     1974       36         0
                text18                             1B62     1B62       12         0
                text17                             177A     177A       46         0
                text16                             17C0     17C0       44         0
                text15                             13E2     13E2       7E         0
                text14                             1BC4     1BC4        8         0
                text13                             1A38     1A38       28         0
                text12                              A50      A50      13E         0
                text11                             15BA     15BA       6A         0
                text10                             1460     1460       7A         0
                text9                              154C     154C       6E         0
                text8                              1B50     1B50       12         0
                text7                              1AEC     1AEC       1E         0
                text6                              1B3E     1B3E       12         0
                text5                               CC4      CC4      104         0
                text4                              193E     193E       36         0
                text3                              1252     1252       8A         0
                text2                              14DA     14DA       72         0
                text1                              18C8     18C8       3E         0
                text0                               744      744      30C         0
                cinit                              1682     1682       5A         0
                idataBANK1                         1BD8     1BD8        4         0

        CLASS   CONST          

        CLASS   SMALLCONST     

        CLASS   MEDIUMCONST    

        CLASS   COMRAM         
                cstackCOMRAM                          1        1       33         1
                bssCOMRAM                            34       34       1E         1
                nvCOMRAM                             52       52        2         1

        CLASS   ABS1           

        CLASS   BIGRAM         

        CLASS   RAM            

        CLASS   BANK0          
                cstackBANK0                          80       80       50         1
                nvBANK0                              D0       D0        2         1

        CLASS   BANK1          
                cstackBANK1                         17E      17E       74         1
                dataBANK1                           1F2      1F2        4         1
                bssBANK1                            100      100       7E         1

        CLASS   BANK2          
                bssBANK2                            200      200       FC         1

        CLASS   BANK3          
                bssBANK3                            300      300       7E         1

        CLASS   SFR            

        CLASS   FARRAM         

        CLASS   CONFIG         
                config                             7FF8     7FF8        6         0

        CLASS   IDLOC          



SEGMENTS        Name                           Load    Length   Top    Selector   Space  Class

                reset_vec                      000000  000004  000004         0       0  CODE    
                cstackCOMRAM                   000001  000053  000054         1       1  COMRAM  
                intcode                        000008  00000C  000014         4       0  CODE    
                intcodelo                      000018  001BC8  001BE0         C       0  CODE    
                cstackBANK0                    000080  000052  0000D2        80       1  BANK0   
                bssBANK1                       000100  0000F6  0001F6       100       1  BANK1   
                bssBANK2                       000200  0000FC  0002FC       200       1  BANK2   
                bssBANK3                       000300  00007E  00037E       300       1  BANK3   
                config                         007FF8  000006  007FFE      7FF8       0  CONFIG  


UNUSED ADDRESS RANGES

        Name                Unused          Largest block    Delta
        BANK0            000D2-000FF              2E
        BANK1            001F6-001FF               A
        BANK2            002FC-002FF               4
        BANK3            0037E-003FF              82
        BIGRAM           00054-0007F              2C
                         000D2-000FF              2E
                         001F6-001FF               A
                         002FC-002FF               4
                         0037E-003FF              82
        CODE             00004-00007               4
                         00014-00017               4
                         01BE0-07FF7            6418
        COMRAM           00054-0007F              2C
        CONST            00004-00007               4
                         00014-00017               4
                         01BE0-07FF7            6418
        MEDIUMCONST      01BE0-07FF7            6418
        RAM              000D2-000FF              2E
                         001F6-001FF               A
                         002FC-002FF               4
                         0037E-003FF              82
        SFR              00F80-00FFF              80
        SMALLCONST       01BE0-07FF7             100
        STACK            0037E-003FF              82

                                  Symbol Table

?___lwmod                           cstackBANK0   000AE
?_in_high_int                       cstackBANK0   000AE
?_in_low_int                        cstackBANK0   000B0
?_in_main                           cstackBANK0   000B2
?i2_in_high_int                     cstackCOMRAM  0002D
?i2_in_low_int                      cstackCOMRAM  0002F
Delay1KTCYx@unit                    cstackBANK0   000AE
FromMainHigh_sendmsg@data           cstackBANK0   000C5
FromMainHigh_sendmsg@length         cstackBANK0   000C7
FromMainHigh_sendmsg@msgtype        cstackBANK0   000C4
OpenADC@config                      cstackBANK0   000B2
OpenADC@config2                     cstackBANK0   000AE
OpenADC@portconfig                  cstackBANK0   000AF
OpenTimer0@config                   cstackBANK0   000AE
OpenTimer1@config                   cstackBANK0   000AE
OpenUSART@config                    cstackBANK0   000B3
OpenUSART@spbrg                     cstackBANK0   000AE
ReadUSART@data                      cstackCOMRAM  00001
SetChanADC@channel                  cstackBANK0   000AF
ToMainHigh_recvmsg@data             cstackBANK0   000C8
ToMainHigh_recvmsg@maxlength        cstackBANK0   000CA
ToMainHigh_recvmsg@msgtype          cstackBANK0   000C6
ToMainHigh_sendmsg@data             cstackBANK0   00090
ToMainHigh_sendmsg@length           cstackBANK0   00092
ToMainHigh_sendmsg@msgtype          cstackBANK0   0008F
ToMainLow_recvmsg@data              cstackBANK0   000C8
ToMainLow_recvmsg@maxlength         cstackBANK0   000CA
ToMainLow_recvmsg@msgtype           cstackBANK0   000C6
ToMainLow_sendmsg@data              cstackCOMRAM  00018
ToMainLow_sendmsg@length            cstackCOMRAM  0001A
ToMainLow_sendmsg@msgtype           cstackCOMRAM  00017
WriteTimer0@timer                   cstackCOMRAM  0002F
WriteTimer0@timer0                  cstackCOMRAM  0002D
WriteTimer1@timer                   cstackCOMRAM  00003
WriteTimer1@timer1                  cstackCOMRAM  00001
_ADCON0                             (abs)         00FC2
_ADCON0bits                         (abs)         00FC2
_ADCON1                             (abs)         00FC1
_ADCON2                             (abs)         00FC0
_ADRESH                             (abs)         00FC4
_ConvertADC                         text42        01BDC
_Delay1KTCYx                        text20        01B28
_FromMainHigh_MQ                    bssBANK3      00300
_FromMainHigh_sendmsg               text4         0193E
_FromMainLow_MQ                     bssBANK2      00200
_INTCONbits                         (abs)         00FF2
_IPR1bits                           (abs)         00F9F
_InterruptHandlerHigh               intcode       00008
_InterruptHandlerLow                intcodelo     00018
_LATA                               (abs)         00F89
_LATB                               (abs)         00F8A
_LATBbits                           (abs)         00F8A
_MQ_Main_Willing_to_block           bssCOMRAM     00050
_OSCCON                             (abs)         00FD3
_OSCCONbits                         (abs)         00FD3
_OSCTUNEbits                        (abs)         00F9B
_OpenADC                            text29        012DC
_OpenTimer0                         text28        01A0E
_OpenTimer1                         text27        01906
_OpenUSART                          text26        011C0
_PIE1bits                           (abs)         00F9D
_PIR1bits                           (abs)         00F9E
_PORTA                              (abs)         00F80
_RCONbits                           (abs)         00FD0
_RCREG                              (abs)         00FAE
_RCSTA                              (abs)         00FAB
_RCSTAbits                          (abs)         00FAB
_ReadUSART                          text35        01B0A
_SPBRG                              (abs)         00FAF
_SPBRGH                             (abs)         00FB0
_SSPADD                             (abs)         00FC8
_SSPBUF                             (abs)         00FC9
_SSPCON1                            (abs)         00FC6
_SSPCON1bits                        (abs)         00FC6
_SSPCON2                            (abs)         00FC5
_SSPCON2bits                        (abs)         00FC5
_SSPSTAT                            (abs)         00FC7
_SSPSTATbits                        (abs)         00FC7
_SetChanADC                         text25        01ACC
_SleepIfOkay                        text50        0172C
_T0CON                              (abs)         00FD5
_T0CONbits                          (abs)         00FD5
_T1CON                              (abs)         00FCD
_T1CONbits                          (abs)         00FCD
_TMR0H                              (abs)         00FD7
_TMR0L                              (abs)         00FD6
_TMR1H                              (abs)         00FCF
_TMR1L                              (abs)         00FCE
_TRISA                              (abs)         00F92
_TRISB                              (abs)         00F93
_TRISCbits                          (abs)         00F94
_TXSTA                              (abs)         00FAC
_TXSTAbits                          (abs)         00FAC
_ToMainHigh_MQ                      bssBANK2      0027E
_ToMainHigh_recvmsg                 text22        01846
_ToMainHigh_sendmsg                 text47        019AA
_ToMainLow_MQ                       bssBANK1      00100
_ToMainLow_recvmsg                  text21        01804
_ToMainLow_sendmsg                  text32        01A60
_USART_Status                       bssCOMRAM     00051
_WriteTimer0                        text41        01B98
_WriteTimer1                        text37        01B74
__CFG_CCP2MX$DEFAULT                (abs)         00000
__CFG_CP0$OFF                       (abs)         00000
__CFG_FCMEN$ON                      (abs)         00000
__CFG_FOSC$HSPLL                    (abs)         00000
__CFG_FOSC2$ON                      (abs)         00000
__CFG_IESO$ON                       (abs)         00000
__CFG_STVREN$OFF                    (abs)         00000
__CFG_WDTEN$OFF                     (abs)         00000
__CFG_WDTPS$32768                   (abs)         00000
__CFG_XINST$OFF                     (abs)         00000
__HRAM                              (abs)         00000
__Habs1                             abs1          00000
__Hbank0                            bank0         00000
__Hbank1                            bank1         00000
__Hbank2                            bank2         00000
__Hbank3                            bank3         00000
__Hbigbss                           bigbss        00000
__Hbigdata                          bigdata       00000
__Hbigram                           bigram        00000
__Hbss                              bss           00000
__HbssBANK1                         bssBANK1      00000
__HbssBANK2                         bssBANK2      00000
__HbssBANK3                         bssBANK3      00000
__HbssCOMRAM                        bssCOMRAM     00000
__Hcinit                            cinit         00000
__Hclrtext                          clrtext       00000
__Hcomram                           comram        00000
__Hconfig                           config        07FFE
__Hconst                            const         00000
__HcstackBANK0                      cstackBANK0   00000
__HcstackBANK1                      cstackBANK1   00000
__HcstackCOMRAM                     cstackCOMRAM  00000
__Hdata                             data          00000
__HdataBANK1                        dataBANK1     00000
__Hend_init                         end_init      000C4
__Hfarbss                           farbss        00000
__Hfardata                          fardata       00000
__Hibigdata                         ibigdata      00000
__Hidata                            idata         00000
__HidataBANK1                       idataBANK1    00000
__Hidloc                            idloc         00000
__Hifardata                         ifardata      00000
__Hinit                             init          000C0
__Hintcode                          intcode       00014
__Hintcode_body                     intcode_body  00000
__Hintcodelo                        intcodelo     000C0
__Hintentry                         intentry      00000
__Hintret                           intret        00000
__Hintsave_regs                     intsave_regs  00000
__Hirdata                           irdata        00000
__Hjflash_buffer                    jflash_buffer 07800
__Hmediumconst                      mediumconst   00000
__HnvBANK0                          nvBANK0       00000
__HnvCOMRAM                         nvCOMRAM      00000
__HnvFARRAM                         nvFARRAM      00000
__Hnvbit                            nvbit         00000
__Hnvrram                           nvrram        00000
__Hparam                            rparam        00000
__Hpowerup                          powerup       000C0
__Hram                              ram           00000
__Hramtop                           ramtop        00400
__Hrbit                             rbit          00000
__Hrbss                             rbss          00000
__Hrdata                            rdata         00000
__Hreset_vec                        reset_vec     00004
__Hrparam                           rparam        00000
__Hsfr                              sfr           00000
__Hsmallconst                       smallconst    00000
__Hstack                            stack         00000
__Hstruct                           struct        00000
__Htemp                             temp          00000
__Htext                             text          00000
__Htext0                            text0         00000
__Htext1                            text1         00000
__Htext10                           text10        00000
__Htext11                           text11        00000
__Htext12                           text12        00000
__Htext13                           text13        00000
__Htext14                           text14        00000
__Htext15                           text15        00000
__Htext16                           text16        00000
__Htext17                           text17        00000
__Htext18                           text18        00000
__Htext19                           text19        00000
__Htext2                            text2         00000
__Htext20                           text20        00000
__Htext21                           text21        00000
__Htext22                           text22        00000
__Htext23                           text23        00000
__Htext24                           text24        00000
__Htext25                           text25        00000
__Htext26                           text26        00000
__Htext27                           text27        00000
__Htext28                           text28        00000
__Htext29                           text29        00000
__Htext3                            text3         00000
__Htext31                           text31        00000
__Htext32                           text32        00000
__Htext33                           text33        00000
__Htext34                           text34        00000
__Htext35                           text35        00000
__Htext36                           text36        00000
__Htext37                           text37        00000
__Htext38                           text38        00000
__Htext4                            text4         00000
__Htext40                           text40        00000
__Htext41                           text41        00000
__Htext42                           text42        00000
__Htext43                           text43        00000
__Htext44                           text44        00000
__Htext45                           text45        00000
__Htext46                           text46        00000
__Htext47                           text47        00000
__Htext48                           text48        00000
__Htext49                           text49        00000
__Htext5                            text5         00000
__Htext50                           text50        00000
__Htext51                           text51        00000
__Htext52                           text52        00000
__Htext53                           text53        00000
__Htext54                           text54        00000
__Htext6                            text6         00000
__Htext7                            text7         00000
__Htext8                            text8         00000
__Htext9                            text9         00000
__LRAM                              (abs)         00001
__Labs1                             abs1          00000
__Lbank0                            bank0         00000
__Lbank1                            bank1         00000
__Lbank2                            bank2         00000
__Lbank3                            bank3         00000
__Lbigbss                           bigbss        00000
__Lbigdata                          bigdata       00000
__Lbigram                           bigram        00000
__Lbss                              bss           00000
__LbssBANK1                         bssBANK1      00000
__LbssBANK2                         bssBANK2      00000
__LbssBANK3                         bssBANK3      00000
__LbssCOMRAM                        bssCOMRAM     00000
__Lcinit                            cinit         00000
__Lclrtext                          clrtext       00000
__Lcomram                           comram        00000
__Lconfig                           config        07FF8
__Lconst                            const         00000
__LcstackBANK0                      cstackBANK0   00000
__LcstackBANK1                      cstackBANK1   00000
__LcstackCOMRAM                     cstackCOMRAM  00000
__Ldata                             data          00000
__LdataBANK1                        dataBANK1     00000
__Lend_init                         end_init      000C0
__Lfarbss                           farbss        00000
__Lfardata                          fardata       00000
__Libigdata                         ibigdata      00000
__Lidata                            idata         00000
__LidataBANK1                       idataBANK1    00000
__Lidloc                            idloc         00000
__Lifardata                         ifardata      00000
__Linit                             init          000C0
__Lintcode                          intcode       00008
__Lintcode_body                     intcode_body  00000
__Lintcodelo                        intcodelo     00018
__Lintentry                         intentry      00000
__Lintret                           intret        00000
__Lintsave_regs                     intsave_regs  00000
__Lirdata                           irdata        00000
__Ljflash_buffer                    jflash_buffer 07800
__Lmediumconst                      mediumconst   00000
__LnvBANK0                          nvBANK0       00000
__LnvCOMRAM                         nvCOMRAM      00000
__LnvFARRAM                         nvFARRAM      00000
__Lnvbit                            nvbit         00000
__Lnvrram                           nvrram        00000
__Lparam                            rparam        00000
__Lpowerup                          powerup       000C0
__Lram                              ram           00000
__Lramtop                           ramtop        00400
__Lrbit                             rbit          00000
__Lrbss                             rbss          00000
__Lrdata                            rdata         00000
__Lreset_vec                        reset_vec     00000
__Lrparam                           rparam        00000
__Lsfr                              sfr           00000
__Lsmallconst                       smallconst    00000
__Lstack                            stack         00000
__Lstruct                           struct        00000
__Ltemp                             temp          00000
__Ltext                             text          00000
__Ltext0                            text0         00000
__Ltext1                            text1         00000
__Ltext10                           text10        00000
__Ltext11                           text11        00000
__Ltext12                           text12        00000
__Ltext13                           text13        00000
__Ltext14                           text14        00000
__Ltext15                           text15        00000
__Ltext16                           text16        00000
__Ltext17                           text17        00000
__Ltext18                           text18        00000
__Ltext19                           text19        00000
__Ltext2                            text2         00000
__Ltext20                           text20        00000
__Ltext21                           text21        00000
__Ltext22                           text22        00000
__Ltext23                           text23        00000
__Ltext24                           text24        00000
__Ltext25                           text25        00000
__Ltext26                           text26        00000
__Ltext27                           text27        00000
__Ltext28                           text28        00000
__Ltext29                           text29        00000
__Ltext3                            text3         00000
__Ltext31                           text31        00000
__Ltext32                           text32        00000
__Ltext33                           text33        00000
__Ltext34                           text34        00000
__Ltext35                           text35        00000
__Ltext36                           text36        00000
__Ltext37                           text37        00000
__Ltext38                           text38        00000
__Ltext4                            text4         00000
__Ltext40                           text40        00000
__Ltext41                           text41        00000
__Ltext42                           text42        00000
__Ltext43                           text43        00000
__Ltext44                           text44        00000
__Ltext45                           text45        00000
__Ltext46                           text46        00000
__Ltext47                           text47        00000
__Ltext48                           text48        00000
__Ltext49                           text49        00000
__Ltext5                            text5         00000
__Ltext50                           text50        00000
__Ltext51                           text51        00000
__Ltext52                           text52        00000
__Ltext53                           text53        00000
__Ltext54                           text54        00000
__Ltext6                            text6         00000
__Ltext7                            text7         00000
__Ltext8                            text8         00000
__Ltext9                            text9         00000
__S0                                (abs)         07FFE
__S1                                (abs)         0037E
__S2                                (abs)         00000
___extmem_base                      (abs)         20000
___inthi_sp                         stack         00000
___intlo_sp                         stack         00000
___lwmod                            text3         01252
___lwmod@counter                    cstackBANK0   000B3
___lwmod@dividend                   cstackBANK0   000AE
___lwmod@divisor                    cstackBANK0   000B0
___sp                               stack         00000
__accesstop                         (abs)         00080
__activetblptr                      (abs)         00002
__end_of_ConvertADC                 text42        01BE0
__end_of_Delay1KTCYx                text20        01B3E
__end_of_FromMainHigh_sendmsg       text4         01974
__end_of_InterruptHandlerHigh       intcode_body  013E2
__end_of_InterruptHandlerLow        intcodelo     000C0
__end_of_OpenADC                    text29        01360
__end_of_OpenTimer0                 text28        01A38
__end_of_OpenTimer1                 text27        0193E
__end_of_OpenUSART                  text26        01252
__end_of_ReadUSART                  text35        01B28
__end_of_SetChanADC                 text25        01AEC
__end_of_SleepIfOkay                text50        0177A
__end_of_ToMainHigh_recvmsg         text22        01888
__end_of_ToMainHigh_sendmsg         text47        019E0
__end_of_ToMainLow_recvmsg          text21        01846
__end_of_ToMainLow_sendmsg          text32        01A86
__end_of_WriteTimer0                text41        01BAA
__end_of_WriteTimer1                text37        01B86
__end_of___lwmod                    text3         012DC
__end_of__initialization            cinit         016D2
__end_of_adc_int_handler            text38        01ACC
__end_of_block_on_To_msgqueues      text15        01460
__end_of_check_msg                  text19        019AA
__end_of_enable_interrupts          text14        01BCC
__end_of_enter_sleep_mode           text54        01BD8
__end_of_handle_start               text46        0107A
__end_of_i2c_configure_slave        text13        01A60
__end_of_i2c_int_handler            text43        01BD2
__end_of_i2c_master_send            text12        00B8E
__end_of_i2c_slave_int_handler      text44        00744
__end_of_in_high_int                text18        01B74
__end_of_in_low_int                 text17        017C0
__end_of_in_main                    text16        01804
__end_of_init_i2c                   text11        01624
__end_of_init_queue                 text10        014DA
__end_of_init_queues                text9         015BA
__end_of_init_timer1_lthread        text8         01B62
__end_of_init_uart_recv             text7         01B0A
__end_of_main                       text0         00A50
__end_of_memcpy                     text24        01682
__end_of_recv_msg                   text23        00CC4
__end_of_send_msg                   text5         00DC8
__end_of_start_i2c_slave_reply      text45        00FB2
__end_of_timer0_int_handler         text40        01B98
__end_of_timer0_lthread             text6         01B50
__end_of_timer1_int_handler         text36        01BB8
__end_of_timer1_lthread             text2         0154C
__end_of_uart_lthread               text1         01906
__end_of_uart_recv_int_handler      text31        011C0
__end_ofi1_memcpy                   text34        018C8
__end_ofi1_send_msg                 text33        01124
__end_ofi2_check_msg                text53        01AAA
__end_ofi2_in_high_int              text52        01BC4
__end_ofi2_in_low_int               text51        01A0E
__end_ofi2_memcpy                   text49        0172C
__end_ofi2_send_msg                 text48        00EBE
__initialization                    cinit         01682
__mediumconst                       mediumconst   00000
__pbssBANK1                         bssBANK1      00100
__pbssBANK2                         bssBANK2      00200
__pbssBANK3                         bssBANK3      00300
__pbssCOMRAM                        bssCOMRAM     00034
__pcinit                            cinit         01682
__pcstackBANK0                      cstackBANK0   00080
__pcstackBANK1                      cstackBANK1   0017E
__pcstackCOMRAM                     cstackCOMRAM  00001
__pdataBANK1                        dataBANK1     001F2
__pidataBANK1                       idataBANK1    01BD8
__pintcode                          intcode       00008
__pintcode_body                     intcode_body  01360
__pintcodelo                        intcodelo     00018
__pnvBANK0                          nvBANK0       000D0
__pnvCOMRAM                         nvCOMRAM      00052
__ptext0                            text0         00744
__ptext1                            text1         018C8
__ptext10                           text10        01460
__ptext11                           text11        015BA
__ptext12                           text12        00A50
__ptext13                           text13        01A38
__ptext14                           text14        01BC4
__ptext15                           text15        013E2
__ptext16                           text16        017C0
__ptext17                           text17        0177A
__ptext18                           text18        01B62
__ptext19                           text19        01974
__ptext2                            text2         014DA
__ptext20                           text20        01B28
__ptext21                           text21        01804
__ptext22                           text22        01846
__ptext23                           text23        00B8E
__ptext24                           text24        01624
__ptext25                           text25        01ACC
__ptext26                           text26        011C0
__ptext27                           text27        01906
__ptext28                           text28        01A0E
__ptext29                           text29        012DC
__ptext3                            text3         01252
__ptext31                           text31        01124
__ptext32                           text32        01A60
__ptext33                           text33        0107A
__ptext34                           text34        01888
__ptext35                           text35        01B0A
__ptext36                           text36        01BAA
__ptext37                           text37        01B74
__ptext38                           text38        01AAA
__ptext4                            text4         0193E
__ptext40                           text40        01B86
__ptext41                           text41        01B98
__ptext42                           text42        01BDC
__ptext43                           text43        01BCC
__ptext44                           text44        000C4
__ptext45                           text45        00EBE
__ptext46                           text46        00FB2
__ptext47                           text47        019AA
__ptext48                           text48        00DC8
__ptext49                           text49        016DC
__ptext5                            text5         00CC4
__ptext50                           text50        0172C
__ptext51                           text51        019E0
__ptext52                           text52        01BB8
__ptext53                           text53        01A86
__ptext54                           text54        01BD2
__ptext6                            text6         01B3E
__ptext7                            text7         01AEC
__ptext8                            text8         01B50
__ptext9                            text9         0154C
__ramtop                            ramtop        00400
__size_of_ConvertADC                (abs)         00000
__size_of_Delay1KTCYx               (abs)         00000
__size_of_FromMainHigh_sendmsg      (abs)         00000
__size_of_InterruptHandlerHigh      (abs)         00000
__size_of_InterruptHandlerLow       (abs)         00000
__size_of_OpenADC                   (abs)         00000
__size_of_OpenTimer0                (abs)         00000
__size_of_OpenTimer1                (abs)         00000
__size_of_OpenUSART                 (abs)         00000
__size_of_ReadUSART                 (abs)         00000
__size_of_SetChanADC                (abs)         00000
__size_of_SleepIfOkay               (abs)         00000
__size_of_ToMainHigh_recvmsg        (abs)         00000
__size_of_ToMainHigh_sendmsg        (abs)         00000
__size_of_ToMainLow_recvmsg         (abs)         00000
__size_of_ToMainLow_sendmsg         (abs)         00000
__size_of_WriteTimer0               (abs)         00000
__size_of_WriteTimer1               (abs)         00000
__size_of___lwmod                   (abs)         00000
__size_of_adc_int_handler           (abs)         00000
__size_of_block_on_To_msgqueues     (abs)         00000
__size_of_check_msg                 (abs)         00000
__size_of_enable_interrupts         (abs)         00000
__size_of_enter_sleep_mode          (abs)         00000
__size_of_handle_start              (abs)         00000
__size_of_i2c_configure_slave       (abs)         00000
__size_of_i2c_int_handler           (abs)         00000
__size_of_i2c_master_send           (abs)         00000
__size_of_i2c_slave_int_handler     (abs)         00000
__size_of_in_high_int               (abs)         00000
__size_of_in_low_int                (abs)         00000
__size_of_in_main                   (abs)         00000
__size_of_init_i2c                  (abs)         00000
__size_of_init_queue                (abs)         00000
__size_of_init_queues               (abs)         00000
__size_of_init_timer1_lthread       (abs)         00000
__size_of_init_uart_recv            (abs)         00000
__size_of_main                      (abs)         00000
__size_of_memcpy                    (abs)         00000
__size_of_recv_msg                  (abs)         00000
__size_of_send_msg                  (abs)         00000
__size_of_start_i2c_slave_reply     (abs)         00000
__size_of_timer0_int_handler        (abs)         00000
__size_of_timer0_lthread            (abs)         00000
__size_of_timer1_int_handler        (abs)         00000
__size_of_timer1_lthread            (abs)         00000
__size_of_uart_lthread              (abs)         00000
__size_of_uart_recv_int_handler     (abs)         00000
__size_ofi1_memcpy                  (abs)         00000
__size_ofi1_send_msg                (abs)         00000
__size_ofi2_check_msg               (abs)         00000
__size_ofi2_in_high_int             (abs)         00000
__size_ofi2_in_low_int              (abs)         00000
__size_ofi2_memcpy                  (abs)         00000
__size_ofi2_send_msg                (abs)         00000
__smallconst                        smallconst    00000
_adc_int_handler                    text38        01AAA
_adcbuffer                          bssCOMRAM     00034
_block_on_To_msgqueues              text15        013E2
_check_msg                          text19        01974
_enable_interrupts                  text14        01BC4
_enter_sleep_mode                   text54        01BD2
_handle_start                       text46        00FB2
_i2c_configure_slave                text13        01A38
_i2c_int_handler                    text43        01BCC
_i2c_master_send                    text12        00A50
_i2c_slave_int_handler              text44        000C4
_ic_ptr                             nvBANK0       000D0
_in_high_int                        text18        01B62
_in_low_int                         text17        0177A
_in_main                            text16        017C0
_init_i2c                           text11        015BA
_init_queue                         text10        01460
_init_queues                        text9         0154C
_init_timer1_lthread                text8         01B50
_init_uart_recv                     text7         01AEC
_main                               text0         00744
_memcpy                             text24        01624
_recv_msg                           text23        00B8E
_send_msg                           text5         00CC4
_start_i2c_slave_reply              text45        00EBE
_timer0_int_handler                 text40        01B86
_timer0_lthread                     text6         01B3E
_timer1_int_handler                 text36        01BAA
_timer1_lthread                     text2         014DA
_uart_lthread                       text1         018C8
_uart_recv_int_handler              text31        01124
_uc_ptr                             nvCOMRAM      00052
check_msg@qptr                      cstackBANK0   000AE
end_of_initialization               cinit         016D2
handle_start@data_read              cstackCOMRAM  0002D
i1_memcpy                           text34        01888
i1_send_msg                         text33        0107A
i1memcpy@d                          cstackCOMRAM  00007
i1memcpy@d1                         cstackCOMRAM  00001
i1memcpy@n                          cstackCOMRAM  00005
i1memcpy@s                          cstackCOMRAM  00009
i1memcpy@s1                         cstackCOMRAM  00003
i1send_msg@data                     cstackCOMRAM  0000F
i1send_msg@length                   cstackCOMRAM  0000D
i1send_msg@msgtype                  cstackCOMRAM  0000E
i1send_msg@qmsg                     cstackCOMRAM  00015
i1send_msg@qptr                     cstackCOMRAM  0000B
i1send_msg@slot                     cstackCOMRAM  00014
i1send_msg@tlength                  cstackCOMRAM  00012
i2_check_msg                        text53        01A86
i2_in_high_int                      text52        01BB8
i2_in_low_int                       text51        019E0
i2_memcpy                           text49        016DC
i2_send_msg                         text48        00DC8
i2c_configure_slave@addr            cstackBANK0   000AE
i2c_master_send@msg                 cstackBANK0   000AF
i2c_master_send@recvlength          cstackBANK0   000AE
i2c_master_send@sendlength          cstackBANK0   000B4
i2c_master_send@slave_addr          cstackBANK0   000B1
i2c_slave_int_handler@data_read     cstackBANK0   0009F
i2c_slave_int_handler@data_written  cstackBANK0   0009A
i2c_slave_int_handler@error_buf     cstackBANK0   00097
i2c_slave_int_handler@i2c_data      cstackBANK0   0009C
i2c_slave_int_handler@length        cstackBANK0   00095
i2c_slave_int_handler@msg_ready     cstackBANK0   0009E
i2c_slave_int_handler@msg_to_send   cstackBANK0   0009D
i2c_slave_int_handler@overrun_error cstackBANK0   0009B
i2check_msg@qptr                    cstackCOMRAM  0002D
i2memcpy@d                          cstackBANK0   00080
i2memcpy@d1                         cstackCOMRAM  0002D
i2memcpy@n                          cstackCOMRAM  00031
i2memcpy@s                          cstackBANK0   00082
i2memcpy@s1                         cstackCOMRAM  0002F
i2send_msg@data                     cstackBANK0   00088
i2send_msg@length                   cstackBANK0   00086
i2send_msg@msgtype                  cstackBANK0   00087
i2send_msg@qmsg                     cstackBANK0   0008D
i2send_msg@qptr                     cstackBANK0   00084
i2send_msg@slot                     cstackBANK0   0008C
i2send_msg@tlength                  cstackBANK0   0008A
init_i2c@ic                         cstackBANK0   000AE
init_queue@i                        cstackBANK0   000B1
init_queue@qptr                     cstackBANK0   000AE
init_timer1_lthread@tptr            cstackBANK0   000AE
init_uart_recv@uc                   cstackBANK0   000AE
int_func                            intcode_body  01360
intlevel0                           text          00000
intlevel1                           text          00000
intlevel2                           text          00000
intlevel3                           text          00000
main@F5204                          dataBANK1     001F2
main@F5207                          dataBANK1     001F4
main@ic                             cstackBANK1   001B1
main@last_reg_recvd                 cstackBANK1   001A1
main@length                         cstackBANK1   001AF
main@msg                            cstackBANK1   0019F
main@msg2                           cstackBANK1   001A2
main@msgbuffer                      cstackBANK1   00182
main@msgtype                        cstackBANK1   001B0
main@t0thread_data                  cstackBANK1   001A6
main@t1thread_data                  cstackBANK1   001A8
main@uc                             cstackBANK1   001AA
main@uthread_data                   cstackBANK1   001A4
memcpy@d                            cstackBANK0   000B4
memcpy@d1                           cstackBANK0   000AE
memcpy@n                            cstackBANK0   000B2
memcpy@s                            cstackBANK0   000B6
memcpy@s1                           cstackBANK0   000B0
recv_msg@data                       cstackBANK0   000BD
recv_msg@maxlength                  cstackBANK0   000BA
recv_msg@msgtype                    cstackBANK0   000BB
recv_msg@qmsg                       cstackBANK0   000C4
recv_msg@qptr                       cstackBANK0   000B8
recv_msg@slot                       cstackBANK0   000C1
recv_msg@tlength                    cstackBANK0   000C2
send_msg@data                       cstackBANK0   000BC
send_msg@length                     cstackBANK0   000BA
send_msg@msgtype                    cstackBANK0   000BB
send_msg@qmsg                       cstackBANK0   000C2
send_msg@qptr                       cstackBANK0   000B8
send_msg@slot                       cstackBANK0   000C1
send_msg@tlength                    cstackBANK0   000BF
stackhi                             (abs)         003FF
stacklo                             (abs)         0037E
start                               init          000C0
start_i2c_slave_reply@length        cstackCOMRAM  00031
start_i2c_slave_reply@msg           cstackCOMRAM  0002D
start_initialization                cinit         01682
timer0_lthread@length               cstackBANK0   000B2
timer0_lthread@msgbuffer            cstackBANK0   000B4
timer0_lthread@msgtype              cstackBANK0   000B0
timer0_lthread@msgval               cstackBANK0   000B6
timer0_lthread@tptr                 cstackBANK0   000AE
timer1_lthread@length               cstackBANK0   000CC
timer1_lthread@msgbuffer            cstackBANK0   000CE
timer1_lthread@msgtype              cstackBANK0   000CA
timer1_lthread@retval               cstackBANK1   0017F
timer1_lthread@tptr                 cstackBANK0   000C8
uart_lthread@length                 cstackBANK0   000B2
uart_lthread@msgbuffer              cstackBANK0   000B4
uart_lthread@msgtype                cstackBANK0   000B0
uart_lthread@uptr                   cstackBANK0   000AE


FUNCTION INFORMATION:

 *************** function _main *****************
 Defined at:
		line 186 in file "../src/main.c"
 Parameters:    Size  Location     Type
		None
 Auto vars:     Size  Location     Type
  msg2            2   36[BANK1 ] unsigned char [2]
  ic             65   51[BANK1 ] struct __i2c_comm
  msgbuffer      29    4[BANK1 ] unsigned char [29]
  uc              5   44[BANK1 ] struct __uart_comm
  t1thread_dat    2   42[BANK1 ] struct __timer1_thread_s
  t0thread_dat    2   40[BANK1 ] struct __timer0_thread_s
  uthread_data    2   38[BANK1 ] struct __uart_thread_str
  msg             2   33[BANK1 ] unsigned char [2]
  msgtype         1   50[BANK1 ] unsigned char 
  length          1   49[BANK1 ] char 
  last_reg_rec    1   35[BANK1 ] unsigned char 
  i               1    0        unsigned char 
  c               1    0        unsigned char 
 Return value:  Size  Location     Type
		None               void
 Registers used:
		wreg, fsr0l, fsr0h, fsr1l, fsr1h, fsr1l, fsr1h, fsr2l, fsr2h, status,2, status,0, pclat, btemp, btemp+1, btemp+2, btemp+3, btemp+4, btemp+5, btemp+6, btemp+7, btemp+8, btemp+9, btemp+10, btemp+11, tosl, structret, tblptrl, tblptrh, tblptru, prodl, prodh, bsr, cstack
 Tracked objects:
		On entry : 
		On exit  : 
		Unchanged: 
 Data sizes:     COMRAM   BANK0   BANK1   BANK2   BANK3
      Params:         0       0       0       0       0
      Locals:         0       0     112       0       0
      Temps:          0       0       2       0       0
      Totals:         0       0     114       0       0
Total ram usage:      114 bytes
 Hardware stack levels required when called:   15
 This function calls:
		_OpenADC
		_OpenTimer0
		_OpenTimer1
		_OpenUSART
		_SetChanADC
		_ToMainHigh_recvmsg
		_ToMainLow_recvmsg
		_block_on_To_msgqueues
		_enable_interrupts
		_i2c_configure_slave
		_i2c_master_send
		_init_i2c
		_init_queues
		_init_timer1_lthread
		_init_uart_recv
		_timer0_lthread
		_timer1_lthread
		_uart_lthread
 This function is called by:
		Startup code after reset
 This function uses a non-reentrant model


 *************** function _uart_lthread *****************
 Defined at:
		line 9 in file "../src/uart_thread.c"
 Parameters:    Size  Location     Type
  uptr            2   46[BANK0 ] PTR struct __uart_thread
		 -> main@uthread_data(2), 
  msgtype         2   48[BANK0 ] int 
  length          2   50[BANK0 ] int 
  msgbuffer       2   52[BANK0 ] PTR unsigned char 
		 -> main@msgbuffer(29), 
 Auto vars:     Size  Location     Type
		None
 Return value:  Size  Location     Type
                  2   46[BANK0 ] int 
 Registers used:
		wreg, fsr2l, fsr2h, status,2, status,0
 Tracked objects:
		On entry : 
		On exit  : 
		Unchanged: 
 Data sizes:     COMRAM   BANK0   BANK1   BANK2   BANK3
      Params:         0       8       0       0       0
      Locals:         0       0       0       0       0
      Temps:          0       0       0       0       0
      Totals:         0       8       0       0       0
Total ram usage:        8 bytes
 Hardware stack levels used:    1
 Hardware stack levels required when called:   11
 This function calls:
		Nothing
 This function is called by:
		_main
 This function uses a non-reentrant model


 *************** function _timer1_lthread *****************
 Defined at:
		line 14 in file "../src/timer1_thread.c"
 Parameters:    Size  Location     Type
  tptr            2   72[BANK0 ] PTR struct __timer1_thre
		 -> main@t1thread_data(2), 
  msgtype         2   74[BANK0 ] int 
  length          2   76[BANK0 ] int 
  msgbuffer       2   78[BANK0 ] PTR unsigned char 
		 -> main@msgbuffer(29), 
 Auto vars:     Size  Location     Type
  retval          1    1[BANK1 ] char 
 Return value:  Size  Location     Type
                  2   72[BANK0 ] int 
 Registers used:
		wreg, fsr1l, fsr1h, fsr2l, fsr2h, status,2, status,0, prodl, prodh, cstack
 Tracked objects:
		On entry : 
		On exit  : 
		Unchanged: 
 Data sizes:     COMRAM   BANK0   BANK1   BANK2   BANK3
      Params:         0       8       0       0       0
      Locals:         0       0       1       0       0
      Temps:          0       0       1       0       0
      Totals:         0       8       2       0       0
Total ram usage:       10 bytes
 Hardware stack levels used:    1
 Hardware stack levels required when called:   14
 This function calls:
		_FromMainHigh_sendmsg
		___lwmod
 This function is called by:
		_main
 This function uses a non-reentrant model


 *************** function ___lwmod *****************
 Defined at:
		line 8 in file "C:\Program Files (x86)\Microchip\xc8\v1.30\sources\common\lwmod.c"
 Parameters:    Size  Location     Type
  dividend        2   46[BANK0 ] unsigned int 
  divisor         2   48[BANK0 ] unsigned int 
 Auto vars:     Size  Location     Type
  counter         1   51[BANK0 ] unsigned char 
 Return value:  Size  Location     Type
                  2   46[BANK0 ] unsigned int 
 Registers used:
		wreg, status,2, status,0
 Tracked objects:
		On entry : 
		On exit  : 
		Unchanged: 
 Data sizes:     COMRAM   BANK0   BANK1   BANK2   BANK3
      Params:         0       4       0       0       0
      Locals:         0       1       0       0       0
      Temps:          0       1       0       0       0
      Totals:         0       6       0       0       0
Total ram usage:        6 bytes
 Hardware stack levels used:    1
 Hardware stack levels required when called:   11
 This function calls:
		Nothing
 This function is called by:
		_timer1_lthread
 This function uses a non-reentrant model


 *************** function _FromMainHigh_sendmsg *****************
 Defined at:
		line 174 in file "../src/messages.c"
 Parameters:    Size  Location     Type
  length          1    wreg     unsigned char 
  msgtype         1   68[BANK0 ] unsigned char 
  data            2   69[BANK0 ] PTR void 
		 -> main@t1thread_data(2), 
 Auto vars:     Size  Location     Type
  length          1   71[BANK0 ] unsigned char 
 Return value:  Size  Location     Type
                  1    wreg      char 
 Registers used:
		wreg, fsr1l, fsr1h, fsr2l, fsr2h, status,2, status,0, prodl, prodh, cstack
 Tracked objects:
		On entry : 
		On exit  : 
		Unchanged: 
 Data sizes:     COMRAM   BANK0   BANK1   BANK2   BANK3
      Params:         0       3       0       0       0
      Locals:         0       1       0       0       0
      Temps:          0       0       0       0       0
      Totals:         0       4       0       0       0
Total ram usage:        4 bytes
 Hardware stack levels used:    1
 Hardware stack levels required when called:   13
 This function calls:
		_send_msg
 This function is called by:
		_timer1_lthread
 This function uses a non-reentrant model


 *************** function _send_msg *****************
 Defined at:
		line 24 in file "../src/messages.c"
 Parameters:    Size  Location     Type
  qptr            2   56[BANK0 ] PTR struct __msg_queue
		 -> FromMainHigh_MQ(126), FromMainLow_MQ(126), ToMainHigh_MQ(126), ToMainLow_MQ(126), 
  length          1   58[BANK0 ] unsigned char 
  msgtype         1   59[BANK0 ] unsigned char 
  data            2   60[BANK0 ] PTR void 
		 -> NULL(0), i2c_slave_int_handler@error_buf(3), main@t1thread_data(2), main@ic(65), 
		 -> main@uc(5), 
 Auto vars:     Size  Location     Type
  qmsg            2   66[BANK0 ] PTR struct __msg
		 -> FromMainLow_MQ.queue(124), FromMainHigh_MQ.queue(124), ToMainHigh_MQ.queue(124), ToMainLow_MQ.queue(124), 
		 -> FromMainHigh_MQ(126), FromMainLow_MQ(126), ToMainHigh_MQ(126), ToMainLow_MQ(126), 
  tlength         2   63[BANK0 ] unsigned int 
  slot            1   65[BANK0 ] unsigned char 
 Return value:  Size  Location     Type
                  1    wreg      char 
 Registers used:
		wreg, fsr1l, fsr1h, fsr2l, fsr2h, status,2, status,0, prodl, prodh, cstack
 Tracked objects:
		On entry : 
		On exit  : 
		Unchanged: 
 Data sizes:     COMRAM   BANK0   BANK1   BANK2   BANK3
      Params:         0       6       0       0       0
      Locals:         0       5       0       0       0
      Temps:          0       1       0       0       0
      Totals:         0      12       0       0       0
Total ram usage:       12 bytes
 Hardware stack levels used:    1
 Hardware stack levels required when called:   12
 This function calls:
		_memcpy
 This function is called by:
		_FromMainHigh_sendmsg
		_FromMainLow_sendmsg
 This function uses a non-reentrant model


 *************** function _timer0_lthread *****************
 Defined at:
		line 9 in file "../src/timer0_thread.c"
 Parameters:    Size  Location     Type
  tptr            2   46[BANK0 ] PTR struct __timer0_thre
		 -> main@t0thread_data(2), 
  msgtype         2   48[BANK0 ] int 
  length          2   50[BANK0 ] int 
  msgbuffer       2   52[BANK0 ] PTR unsigned char 
		 -> main@msgbuffer(29), 
 Auto vars:     Size  Location     Type
  msgval          2   54[BANK0 ] PTR unsigned int 
		 -> main@msgbuffer(29), 
 Return value:  Size  Location     Type
                  2   46[BANK0 ] int 
 Registers used:
		wreg, status,2, status,0
 Tracked objects:
		On entry : 
		On exit  : 
		Unchanged: 
 Data sizes:     COMRAM   BANK0   BANK1   BANK2   BANK3
      Params:         0       8       0       0       0
      Locals:         0       2       0       0       0
      Temps:          0       0       0       0       0
      Totals:         0      10       0       0       0
Total ram usage:       10 bytes
 Hardware stack levels used:    1
 Hardware stack levels required when called:   11
 This function calls:
		Nothing
 This function is called by:
		_main
 This function uses a non-reentrant model


 *************** function _init_uart_recv *****************
 Defined at:
		line 49 in file "../src/my_uart.c"
 Parameters:    Size  Location     Type
  uc              2   46[BANK0 ] PTR struct __uart_comm
		 -> main@uc(5), 
 Auto vars:     Size  Location     Type
		None
 Return value:  Size  Location     Type
		None               void
 Registers used:
		wreg, fsr2l, fsr2h, status,2, status,0
 Tracked objects:
		On entry : 
		On exit  : 
		Unchanged: 
 Data sizes:     COMRAM   BANK0   BANK1   BANK2   BANK3
      Params:         0       2       0       0       0
      Locals:         0       0       0       0       0
      Temps:          0       0       0       0       0
      Totals:         0       2       0       0       0
Total ram usage:        2 bytes
 Hardware stack levels used:    1
 Hardware stack levels required when called:   11
 This function calls:
		Nothing
 This function is called by:
		_main
 This function uses a non-reentrant model


 *************** function _init_timer1_lthread *****************
 Defined at:
		line 6 in file "../src/timer1_thread.c"
 Parameters:    Size  Location     Type
  tptr            2   46[BANK0 ] PTR struct __timer1_thre
		 -> main@t1thread_data(2), 
 Auto vars:     Size  Location     Type
		None
 Return value:  Size  Location     Type
		None               void
 Registers used:
		wreg, fsr2l, fsr2h
 Tracked objects:
		On entry : 
		On exit  : 
		Unchanged: 
 Data sizes:     COMRAM   BANK0   BANK1   BANK2   BANK3
      Params:         0       2       0       0       0
      Locals:         0       0       0       0       0
      Temps:          0       0       0       0       0
      Totals:         0       2       0       0       0
Total ram usage:        2 bytes
 Hardware stack levels used:    1
 Hardware stack levels required when called:   11
 This function calls:
		Nothing
 This function is called by:
		_main
 This function uses a non-reentrant model


 *************** function _init_queues *****************
 Defined at:
		line 194 in file "../src/messages.c"
 Parameters:    Size  Location     Type
		None
 Auto vars:     Size  Location     Type
		None
 Return value:  Size  Location     Type
		None               void
 Registers used:
		wreg, fsr2l, fsr2h, status,2, status,0, prodl, prodh, cstack
 Tracked objects:
		On entry : 
		On exit  : 
		Unchanged: 
 Data sizes:     COMRAM   BANK0   BANK1   BANK2   BANK3
      Params:         0       0       0       0       0
      Locals:         0       0       0       0       0
      Temps:          0       1       0       0       0
      Totals:         0       1       0       0       0
Total ram usage:        1 bytes
 Hardware stack levels used:    1
 Hardware stack levels required when called:   12
 This function calls:
		_init_queue
 This function is called by:
		_main
 This function uses a non-reentrant model


 *************** function _init_queue *****************
 Defined at:
		line 14 in file "../src/messages.c"
 Parameters:    Size  Location     Type
  qptr            2   46[BANK0 ] PTR struct __msg_queue
		 -> FromMainHigh_MQ(126), FromMainLow_MQ(126), ToMainHigh_MQ(126), ToMainLow_MQ(126), 
 Auto vars:     Size  Location     Type
  i               1   49[BANK0 ] unsigned char 
 Return value:  Size  Location     Type
		None               void
 Registers used:
		wreg, fsr2l, fsr2h, status,2, status,0, prodl, prodh
 Tracked objects:
		On entry : 
		On exit  : 
		Unchanged: 
 Data sizes:     COMRAM   BANK0   BANK1   BANK2   BANK3
      Params:         0       2       0       0       0
      Locals:         0       1       0       0       0
      Temps:          0       1       0       0       0
      Totals:         0       4       0       0       0
Total ram usage:        4 bytes
 Hardware stack levels used:    1
 Hardware stack levels required when called:   11
 This function calls:
		Nothing
 This function is called by:
		_init_queues
 This function uses a non-reentrant model


 *************** function _init_i2c *****************
 Defined at:
		line 420 in file "../src/my_i2c.c"
 Parameters:    Size  Location     Type
  ic              2   46[BANK0 ] PTR struct __i2c_comm
		 -> main@ic(65), 
 Auto vars:     Size  Location     Type
		None
 Return value:  Size  Location     Type
		None               void
 Registers used:
		wreg, fsr2l, fsr2h, status,2, status,0
 Tracked objects:
		On entry : 
		On exit  : 
		Unchanged: 
 Data sizes:     COMRAM   BANK0   BANK1   BANK2   BANK3
      Params:         0       2       0       0       0
      Locals:         0       0       0       0       0
      Temps:          0       0       0       0       0
      Totals:         0       2       0       0       0
Total ram usage:        2 bytes
 Hardware stack levels used:    1
 Hardware stack levels required when called:   11
 This function calls:
		Nothing
 This function is called by:
		_main
 This function uses a non-reentrant model


 *************** function _i2c_master_send *****************
 Defined at:
		line 44 in file "../src/my_i2c.c"
 Parameters:    Size  Location     Type
  sendlength      1    wreg     unsigned char 
  recvlength      1   46[BANK0 ] unsigned char 
  msg             2   47[BANK0 ] PTR unsigned char 
		 -> main@msg2(2), main@msgbuffer(29), 
  slave_addr      1   49[BANK0 ] unsigned char 
 Auto vars:     Size  Location     Type
  sendlength      1   52[BANK0 ] unsigned char 
 Return value:  Size  Location     Type
                  1    wreg      unsigned char 
 Registers used:
		wreg, fsr1l, fsr1h, fsr2l, fsr2h, status,2, status,0, prodl, prodh
 Tracked objects:
		On entry : 
		On exit  : 
		Unchanged: 
 Data sizes:     COMRAM   BANK0   BANK1   BANK2   BANK3
      Params:         0       4       0       0       0
      Locals:         0       1       0       0       0
      Temps:          0       2       0       0       0
      Totals:         0       7       0       0       0
Total ram usage:        7 bytes
 Hardware stack levels used:    1
 Hardware stack levels required when called:   11
 This function calls:
		Nothing
 This function is called by:
		_main
 This function uses a non-reentrant model


 *************** function _i2c_configure_slave *****************
 Defined at:
		line 431 in file "../src/my_i2c.c"
 Parameters:    Size  Location     Type
  addr            1    wreg     unsigned char 
 Auto vars:     Size  Location     Type
  addr            1   46[BANK0 ] unsigned char 
 Return value:  Size  Location     Type
		None               void
 Registers used:
		wreg, status,2, status,0
 Tracked objects:
		On entry : 
		On exit  : 
		Unchanged: 
 Data sizes:     COMRAM   BANK0   BANK1   BANK2   BANK3
      Params:         0       0       0       0       0
      Locals:         0       1       0       0       0
      Temps:          0       0       0       0       0
      Totals:         0       1       0       0       0
Total ram usage:        1 bytes
 Hardware stack levels used:    1
 Hardware stack levels required when called:   11
 This function calls:
		Nothing
 This function is called by:
		_main
 This function uses a non-reentrant model


 *************** function _enable_interrupts *****************
 Defined at:
		line 15 in file "../src/interrupts.c"
 Parameters:    Size  Location     Type
		None
 Auto vars:     Size  Location     Type
		None
 Return value:  Size  Location     Type
		None               void
 Registers used:
		None
 Tracked objects:
		On entry : 
		On exit  : 
		Unchanged: 
 Data sizes:     COMRAM   BANK0   BANK1   BANK2   BANK3
      Params:         0       0       0       0       0
      Locals:         0       0       0       0       0
      Temps:          0       0       0       0       0
      Totals:         0       0       0       0       0
Total ram usage:        0 bytes
 Hardware stack levels used:    1
 Hardware stack levels required when called:   11
 This function calls:
		Nothing
 This function is called by:
		_main
 This function uses a non-reentrant model


 *************** function _block_on_To_msgqueues *****************
 Defined at:
		line 258 in file "../src/messages.c"
 Parameters:    Size  Location     Type
		None
 Auto vars:     Size  Location     Type
		None
 Return value:  Size  Location     Type
		None               void
 Registers used:
		wreg, fsr2l, fsr2h, status,2, status,0, prodl, prodh, cstack
 Tracked objects:
		On entry : 
		On exit  : 
		Unchanged: 
 Data sizes:     COMRAM   BANK0   BANK1   BANK2   BANK3
      Params:         0       0       0       0       0
      Locals:         0       0       0       0       0
      Temps:          0       1       0       0       0
      Totals:         0       1       0       0       0
Total ram usage:        1 bytes
 Hardware stack levels used:    1
 Hardware stack levels required when called:   14
 This function calls:
		_Delay1KTCYx
		_check_msg
		_in_main
 This function is called by:
		_main
 This function uses a non-reentrant model


 *************** function _in_main *****************
 Defined at:
		line 41 in file "../src/interrupts.c"
 Parameters:    Size  Location     Type
		None
 Auto vars:     Size  Location     Type
		None
 Return value:  Size  Location     Type
                  2   50[BANK0 ] int 
 Registers used:
		wreg, status,2, status,0, cstack
 Tracked objects:
		On entry : 
		On exit  : 
		Unchanged: 
 Data sizes:     COMRAM   BANK0   BANK1   BANK2   BANK3
      Params:         0       2       0       0       0
      Locals:         0       0       0       0       0
      Temps:          0       0       0       0       0
      Totals:         0       2       0       0       0
Total ram usage:        2 bytes
 Hardware stack levels used:    1
 Hardware stack levels required when called:   13
 This function calls:
		_in_high_int
		_in_low_int
 This function is called by:
		_block_on_To_msgqueues
 This function uses a non-reentrant model


 *************** function _in_low_int *****************
 Defined at:
		line 31 in file "../src/interrupts.c"
 Parameters:    Size  Location     Type
		None
 Auto vars:     Size  Location     Type
		None
 Return value:  Size  Location     Type
                  2   48[BANK0 ] int 
 Registers used:
		wreg, status,2, status,0, cstack
 Tracked objects:
		On entry : 
		On exit  : 
		Unchanged: 
 Data sizes:     COMRAM   BANK0   BANK1   BANK2   BANK3
      Params:         0       2       0       0       0
      Locals:         0       0       0       0       0
      Temps:          0       0       0       0       0
      Totals:         0       2       0       0       0
Total ram usage:        2 bytes
 Hardware stack levels used:    1
 Hardware stack levels required when called:   12
 This function calls:
		_in_high_int
 This function is called by:
		_in_main
 This function uses a non-reentrant model


 *************** function _in_high_int *****************
 Defined at:
		line 23 in file "../src/interrupts.c"
 Parameters:    Size  Location     Type
		None
 Auto vars:     Size  Location     Type
		None
 Return value:  Size  Location     Type
                  2   46[BANK0 ] int 
 Registers used:
		wreg, status,2
 Tracked objects:
		On entry : 
		On exit  : 
		Unchanged: 
 Data sizes:     COMRAM   BANK0   BANK1   BANK2   BANK3
      Params:         0       2       0       0       0
      Locals:         0       0       0       0       0
      Temps:          0       0       0       0       0
      Totals:         0       2       0       0       0
Total ram usage:        2 bytes
 Hardware stack levels used:    1
 Hardware stack levels required when called:   11
 This function calls:
		Nothing
 This function is called by:
		_in_low_int
		_in_main
 This function uses a non-reentrant model


 *************** function _check_msg *****************
 Defined at:
		line 222 in file "../src/messages.c"
 Parameters:    Size  Location     Type
  qptr            2   46[BANK0 ] PTR struct __msg_queue
		 -> ToMainHigh_MQ(126), ToMainLow_MQ(126), 
 Auto vars:     Size  Location     Type
		None
 Return value:  Size  Location     Type
                  1    wreg      unsigned char 
 Registers used:
		wreg, fsr2l, fsr2h, status,2, status,0, prodl, prodh
 Tracked objects:
		On entry : 
		On exit  : 
		Unchanged: 
 Data sizes:     COMRAM   BANK0   BANK1   BANK2   BANK3
      Params:         0       2       0       0       0
      Locals:         0       0       0       0       0
      Temps:          0       1       0       0       0
      Totals:         0       3       0       0       0
Total ram usage:        3 bytes
 Hardware stack levels used:    1
 Hardware stack levels required when called:   11
 This function calls:
		Nothing
 This function is called by:
		_block_on_To_msgqueues
 This function uses a non-reentrant model


 *************** function _Delay1KTCYx *****************
 Defined at:
		line 8 in file "C:\Program Files (x86)\Microchip\xc8\v1.30\sources\pic18\d1ktcyx.c"
 Parameters:    Size  Location     Type
  unit            1    wreg     unsigned char 
 Auto vars:     Size  Location     Type
  unit            1   46[BANK0 ] unsigned char 
 Return value:  Size  Location     Type
		None               void
 Registers used:
		wreg
 Tracked objects:
		On entry : 
		On exit  : 
		Unchanged: 
 Data sizes:     COMRAM   BANK0   BANK1   BANK2   BANK3
      Params:         0       0       0       0       0
      Locals:         0       1       0       0       0
      Temps:          0       0       0       0       0
      Totals:         0       1       0       0       0
Total ram usage:        1 bytes
 Hardware stack levels used:    1
 Hardware stack levels required when called:   11
 This function calls:
		Nothing
 This function is called by:
		_block_on_To_msgqueues
 This function uses a non-reentrant model


 *************** function _ToMainLow_recvmsg *****************
 Defined at:
		line 112 in file "../src/messages.c"
 Parameters:    Size  Location     Type
  maxlength       1    wreg     unsigned char 
  msgtype         2   70[BANK0 ] PTR unsigned char 
		 -> main@msgtype(1), 
  data            2   72[BANK0 ] PTR void 
		 -> main@msgbuffer(29), 
 Auto vars:     Size  Location     Type
  maxlength       1   74[BANK0 ] unsigned char 
 Return value:  Size  Location     Type
                  1    wreg      char 
 Registers used:
		wreg, fsr1l, fsr1h, fsr2l, fsr2h, status,2, status,0, prodl, prodh, cstack
 Tracked objects:
		On entry : 
		On exit  : 
		Unchanged: 
 Data sizes:     COMRAM   BANK0   BANK1   BANK2   BANK3
      Params:         0       4       0       0       0
      Locals:         0       1       0       0       0
      Temps:          0       0       0       0       0
      Totals:         0       5       0       0       0
Total ram usage:        5 bytes
 Hardware stack levels used:    1
 Hardware stack levels required when called:   13
 This function calls:
		_recv_msg
 This function is called by:
		_main
 This function uses a non-reentrant model


 *************** function _ToMainHigh_recvmsg *****************
 Defined at:
		line 135 in file "../src/messages.c"
 Parameters:    Size  Location     Type
  maxlength       1    wreg     unsigned char 
  msgtype         2   70[BANK0 ] PTR unsigned char 
		 -> main@msgtype(1), 
[...]
      Totals:         0       0       0       0       0
Total ram usage:        0 bytes
 Hardware stack levels used:    1
 This function calls:
		Nothing
 This function is called by:
		_timer0_int_handler
 This function uses a non-reentrant model


 *************** function _i2c_int_handler *****************
 Defined at:
		line 139 in file "../src/my_i2c.c"
 Parameters:    Size  Location     Type
		None
 Auto vars:     Size  Location     Type
		None
 Return value:  Size  Location     Type
		None               void
 Registers used:
		wreg, fsr1l, fsr1h, fsr2l, fsr2h, status,2, status,0, prodl, prodh, cstack
 Tracked objects:
		On entry : 
		On exit  : 
		Unchanged: 
 Data sizes:     COMRAM   BANK0   BANK1   BANK2   BANK3
      Params:         0       0       0       0       0
      Locals:         0       0       0       0       0
      Temps:          0       0       0       0       0
      Totals:         0       0       0       0       0
Total ram usage:        0 bytes
 Hardware stack levels used:    1
 Hardware stack levels required when called:    4
 This function calls:
		_i2c_slave_int_handler
 This function is called by:
		_InterruptHandlerHigh
 This function uses a non-reentrant model


 *************** function _i2c_slave_int_handler *****************
 Defined at:
		line 243 in file "../src/my_i2c.c"
 Parameters:    Size  Location     Type
		None
 Auto vars:     Size  Location     Type
  length          2   21[BANK0 ] int 
  error_buf       3   23[BANK0 ] unsigned char [3]
  data_read       1   31[BANK0 ] unsigned char 
  msg_ready       1   30[BANK0 ] unsigned char 
  msg_to_send     1   29[BANK0 ] unsigned char 
  i2c_data        1   28[BANK0 ] unsigned char 
  overrun_erro    1   27[BANK0 ] unsigned char 
  data_written    1   26[BANK0 ] unsigned char 
 Return value:  Size  Location     Type
		None               void
 Registers used:
		wreg, fsr1l, fsr1h, fsr2l, fsr2h, status,2, status,0, prodl, prodh, cstack
 Tracked objects:
		On entry : 
		On exit  : 
		Unchanged: 
 Data sizes:     COMRAM   BANK0   BANK1   BANK2   BANK3
      Params:         0       0       0       0       0
      Locals:         0      11       0       0       0
      Temps:          0       2       0       0       0
      Totals:         0      13       0       0       0
Total ram usage:       13 bytes
 Hardware stack levels used:    1
 Hardware stack levels required when called:    3
 This function calls:
		_ToMainHigh_sendmsg
		_handle_start
		_start_i2c_slave_reply
 This function is called by:
		_i2c_int_handler
 This function uses a non-reentrant model


 *************** function _start_i2c_slave_reply *****************
 Defined at:
		line 92 in file "../src/my_i2c.c"
 Parameters:    Size  Location     Type
  length          1    wreg     unsigned char 
  msg             2   44[COMRAM] PTR unsigned char 
		 -> NULL(0), main@ic(65), 
 Auto vars:     Size  Location     Type
  length          1   48[COMRAM] unsigned char 
 Return value:  Size  Location     Type
		None               void
 Registers used:
		wreg, fsr1l, fsr1h, fsr2l, fsr2h, status,2, status,0, prodl, prodh
 Tracked objects:
		On entry : 
		On exit  : 
		Unchanged: 
 Data sizes:     COMRAM   BANK0   BANK1   BANK2   BANK3
      Params:         2       0       0       0       0
      Locals:         1       0       0       0       0
      Temps:          2       0       0       0       0
      Totals:         5       0       0       0       0
Total ram usage:        5 bytes
 Hardware stack levels used:    1
 This function calls:
		Nothing
 This function is called by:
		_i2c_slave_int_handler
 This function uses a non-reentrant model


 *************** function _handle_start *****************
 Defined at:
		line 110 in file "../src/my_i2c.c"
 Parameters:    Size  Location     Type
  data_read       1    wreg     unsigned char 
 Auto vars:     Size  Location     Type
  data_read       1   44[COMRAM] unsigned char 
 Return value:  Size  Location     Type
		None               void
 Registers used:
		wreg, fsr2l, fsr2h, status,2, status,0
 Tracked objects:
		On entry : 
		On exit  : 
		Unchanged: 
 Data sizes:     COMRAM   BANK0   BANK1   BANK2   BANK3
      Params:         0       0       0       0       0
      Locals:         1       0       0       0       0
      Temps:          0       0       0       0       0
      Totals:         1       0       0       0       0
Total ram usage:        1 bytes
 Hardware stack levels used:    1
 This function calls:
		Nothing
 This function is called by:
		_i2c_slave_int_handler
 This function uses a non-reentrant model


 *************** function _ToMainHigh_sendmsg *****************
 Defined at:
		line 126 in file "../src/messages.c"
 Parameters:    Size  Location     Type
  length          1    wreg     unsigned char 
  msgtype         1   15[BANK0 ] unsigned char 
  data            2   16[BANK0 ] PTR void 
		 -> NULL(0), i2c_slave_int_handler@error_buf(3), main@ic(65), 
 Auto vars:     Size  Location     Type
  length          1   18[BANK0 ] unsigned char 
 Return value:  Size  Location     Type
                  1    wreg      char 
 Registers used:
		wreg, fsr1l, fsr1h, fsr2l, fsr2h, status,2, status,0, prodl, prodh, cstack
 Tracked objects:
		On entry : 
		On exit  : 
		Unchanged: 
 Data sizes:     COMRAM   BANK0   BANK1   BANK2   BANK3
      Params:         0       3       0       0       0
      Locals:         0       1       0       0       0
      Temps:          0       0       0       0       0
      Totals:         0       4       0       0       0
Total ram usage:        4 bytes
 Hardware stack levels used:    1
 Hardware stack levels required when called:    2
 This function calls:
		i2_send_msg
 This function is called by:
		_i2c_slave_int_handler
		_i2c_master_int_handler
 This function uses a non-reentrant model


 *************** function i2_send_msg *****************
 Defined at:
		line 24 in file "../src/messages.c"
 Parameters:    Size  Location     Type
  qptr            2    4[BANK0 ] PTR struct __msg_queue
		 -> FromMainHigh_MQ(126), FromMainLow_MQ(126), ToMainHigh_MQ(126), ToMainLow_MQ(126), 
  length          1    6[BANK0 ] unsigned char 
  msgtype         1    7[BANK0 ] unsigned char 
  data            2    8[BANK0 ] PTR void 
		 -> NULL(0), i2c_slave_int_handler@error_buf(3), main@t1thread_data(2), main@ic(65), 
		 -> main@uc(5), 
 Auto vars:     Size  Location     Type
  send_msg        2   13[BANK0 ] PTR struct __msg
		 -> FromMainLow_MQ.queue(124), FromMainHigh_MQ.queue(124), ToMainHigh_MQ.queue(124), ToMainLow_MQ.queue(124), 
		 -> FromMainHigh_MQ(126), FromMainLow_MQ(126), ToMainHigh_MQ(126), ToMainLow_MQ(126), 
  send_msg        2   10[BANK0 ] unsigned int 
  send_msg        1   12[BANK0 ] unsigned char 
 Return value:  Size  Location     Type
                  1    wreg      char 
 Registers used:
		wreg, fsr1l, fsr1h, fsr2l, fsr2h, status,2, status,0, prodl, prodh, cstack
 Tracked objects:
		On entry : 
		On exit  : 
		Unchanged: 
 Data sizes:     COMRAM   BANK0   BANK1   BANK2   BANK3
      Params:         0       6       0       0       0
      Locals:         0       5       0       0       0
      Temps:          1       0       0       0       0
      Totals:         1      11       0       0       0
Total ram usage:       12 bytes
 Hardware stack levels used:    1
 Hardware stack levels required when called:    1
 This function calls:
		i2_memcpy
 This function is called by:
		_ToMainHigh_sendmsg
 This function uses a non-reentrant model


 *************** function i2_memcpy *****************
 Defined at:
		line 11 in file "C:\Program Files (x86)\Microchip\xc8\v1.30\sources\common\memcpy.c"
 Parameters:    Size  Location     Type
  d1              2   44[COMRAM] PTR void 
		 -> FromMainLow_MQ.queue(124), FromMainHigh_MQ.queue(124), ToMainHigh_MQ.queue(124), ToMainLow_MQ.queue(124), 
		 -> FromMainHigh_MQ(126), FromMainLow_MQ(126), ToMainHigh_MQ(126), ToMainLow_MQ(126), 
		 -> main@msgbuffer(29), 
  s1              2   46[COMRAM] PTR const void 
		 -> ToMainLow_MQ.data(28), ToMainHigh_MQ.data(28), FromMainLow_MQ.data(28), FromMainHigh_MQ.data(28), 
		 -> ToMainLow_MQ.queue.data(28), ToMainHigh_MQ.queue.data(28), FromMainHigh_MQ.queue.data(28), FromMainLow_MQ.queue.data(28), 
		 -> NULL(0), i2c_slave_int_handler@error_buf(3), FromMainHigh_MQ(126), FromMainLow_MQ(126), 
		 -> ToMainHigh_MQ(126), ToMainLow_MQ(126), main@t1thread_data(2), main@ic(65), 
		 -> main@uc(5), 
  n               2   48[COMRAM] unsigned int 
 Auto vars:     Size  Location     Type
  memcpy          2    2[BANK0 ] PTR const unsigned char 
		 -> ToMainLow_MQ.data(28), ToMainHigh_MQ.data(28), FromMainLow_MQ.data(28), FromMainHigh_MQ.data(28), 
		 -> ToMainLow_MQ.queue.data(28), ToMainHigh_MQ.queue.data(28), FromMainHigh_MQ.queue.data(28), FromMainLow_MQ.queue.data(28), 
		 -> NULL(0), i2c_slave_int_handler@error_buf(3), FromMainHigh_MQ(126), FromMainLow_MQ(126), 
		 -> ToMainHigh_MQ(126), ToMainLow_MQ(126), main@t1thread_data(2), main@ic(65), 
		 -> main@uc(5), 
  memcpy          2    0[BANK0 ] PTR unsigned char 
		 -> FromMainLow_MQ.queue(124), FromMainHigh_MQ.queue(124), ToMainHigh_MQ.queue(124), ToMainLow_MQ.queue(124), 
		 -> FromMainHigh_MQ(126), FromMainLow_MQ(126), ToMainHigh_MQ(126), ToMainLow_MQ(126), 
		 -> main@msgbuffer(29), 
 Return value:  Size  Location     Type
                  2   44[COMRAM] PTR void 
 Registers used:
		wreg, fsr1l, fsr1h, fsr2l, fsr2h, status,2, status,0
 Tracked objects:
		On entry : 
		On exit  : 
		Unchanged: 
 Data sizes:     COMRAM   BANK0   BANK1   BANK2   BANK3
      Params:         6       0       0       0       0
      Locals:         0       4       0       0       0
      Temps:          0       0       0       0       0
      Totals:         6       4       0       0       0
Total ram usage:       10 bytes
 Hardware stack levels used:    1
 This function calls:
		Nothing
 This function is called by:
		i2_send_msg
 This function uses a non-reentrant model


 *************** function _SleepIfOkay *****************
 Defined at:
		line 228 in file "../src/messages.c"
 Parameters:    Size  Location     Type
		None
 Auto vars:     Size  Location     Type
		None
 Return value:  Size  Location     Type
		None               void
 Registers used:
		wreg, fsr2l, fsr2h, status,2, status,0, prodl, prodh, cstack
 Tracked objects:
		On entry : 
		On exit  : 
		Unchanged: 
 Data sizes:     COMRAM   BANK0   BANK1   BANK2   BANK3
      Params:         0       0       0       0       0
      Locals:         0       0       0       0       0
      Temps:          0       0       0       0       0
      Totals:         0       0       0       0       0
Total ram usage:        0 bytes
 Hardware stack levels used:    1
 Hardware stack levels required when called:    2
 This function calls:
		_enter_sleep_mode
		i2_check_msg
		i2_in_high_int
		i2_in_low_int
 This function is called by:
		_InterruptHandlerHigh
 This function uses a non-reentrant model


 *************** function i2_in_low_int *****************
 Defined at:
		line 31 in file "../src/interrupts.c"
 Parameters:    Size  Location     Type
		None
 Auto vars:     Size  Location     Type
		None
 Return value:  Size  Location     Type
                  2   46[COMRAM] int 
 Registers used:
		wreg, status,2, status,0, cstack
 Tracked objects:
		On entry : 
		On exit  : 
		Unchanged: 
 Data sizes:     COMRAM   BANK0   BANK1   BANK2   BANK3
      Params:         2       0       0       0       0
      Locals:         0       0       0       0       0
      Temps:          0       0       0       0       0
      Totals:         2       0       0       0       0
Total ram usage:        2 bytes
 Hardware stack levels used:    1
 Hardware stack levels required when called:    1
 This function calls:
		i2_in_high_int
 This function is called by:
		_SleepIfOkay
 This function uses a non-reentrant model


 *************** function i2_in_high_int *****************
 Defined at:
		line 23 in file "../src/interrupts.c"
 Parameters:    Size  Location     Type
		None
 Auto vars:     Size  Location     Type
		None
 Return value:  Size  Location     Type
                  2   44[COMRAM] int 
 Registers used:
		wreg, status,2
 Tracked objects:
		On entry : 
		On exit  : 
		Unchanged: 
 Data sizes:     COMRAM   BANK0   BANK1   BANK2   BANK3
      Params:         2       0       0       0       0
      Locals:         0       0       0       0       0
      Temps:          0       0       0       0       0
      Totals:         2       0       0       0       0
Total ram usage:        2 bytes
 Hardware stack levels used:    1
 This function calls:
		Nothing
 This function is called by:
		_SleepIfOkay
		i2_in_low_int
 This function uses a non-reentrant model


 *************** function i2_check_msg *****************
 Defined at:
		line 222 in file "../src/messages.c"
 Parameters:    Size  Location     Type
  qptr            2   44[COMRAM] PTR struct __msg_queue
		 -> ToMainHigh_MQ(126), ToMainLow_MQ(126), 
 Auto vars:     Size  Location     Type
		None
 Return value:  Size  Location     Type
                  1    wreg      unsigned char 
 Registers used:
		wreg, fsr2l, fsr2h, status,2, status,0, prodl, prodh
 Tracked objects:
		On entry : 
		On exit  : 
		Unchanged: 
 Data sizes:     COMRAM   BANK0   BANK1   BANK2   BANK3
      Params:         2       0       0       0       0
      Locals:         0       0       0       0       0
      Temps:          1       0       0       0       0
      Totals:         3       0       0       0       0
Total ram usage:        3 bytes
 Hardware stack levels used:    1
 This function calls:
		Nothing
 This function is called by:
		_SleepIfOkay
 This function uses a non-reentrant model


 *************** function _enter_sleep_mode *****************
 Defined at:
		line 202 in file "../src/messages.c"
 Parameters:    Size  Location     Type
		None
 Auto vars:     Size  Location     Type
		None
 Return value:  Size  Location     Type
		None               void
 Registers used:
		None
 Tracked objects:
		On entry : 
		On exit  : 
		Unchanged: 
 Data sizes:     COMRAM   BANK0   BANK1   BANK2   BANK3
      Params:         0       0       0       0       0
      Locals:         0       0       0       0       0
      Temps:          0       0       0       0       0
      Totals:         0       0       0       0       0
Total ram usage:        0 bytes
 Hardware stack levels used:    1
 This function calls:
		Nothing
 This function is called by:
		_SleepIfOkay
 This function uses a non-reentrant model



MODULE INFORMATION

Module		Function		Class		Link	Load	Size
C:\Program Files (x86)\Microchip\xc8\v1.30\sources\pic18\plib\Timers\t0write.c
		_WriteTimer0   		CODE           	1B98	0000	18

C:\Program Files (x86)\Microchip\xc8\v1.30\sources\pic18\plib\Timers\t0write.c estimated size: 18

C:\Program Files (x86)\Microchip\xc8\v1.30\sources\pic18\plib\Timers\t1write.c
		_WriteTimer1   		CODE           	1B74	0000	18

C:\Program Files (x86)\Microchip\xc8\v1.30\sources\pic18\plib\Timers\t1write.c estimated size: 18

../src/user_interrupts.c
		_timer0_int_han		CODE           	1B86	0000	18
		_timer1_int_han		CODE           	1BAA	0000	14
		_adc_int_handle		CODE           	1AAA	0000	34

../src/user_interrupts.c estimated size: 66

C:\Program Files (x86)\Microchip\xc8\v1.30\sources\pic18\plib\ADC\adcopen.c
		_OpenADC       		CODE           	12DC	0000	132

C:\Program Files (x86)\Microchip\xc8\v1.30\sources\pic18\plib\ADC\adcopen.c estimated size: 132

../src/timer0_thread.c
		_timer0_lthread		CODE           	1B3E	0000	18

../src/timer0_thread.c estimated size: 18

shared
		i1_send_msg    		CODE           	107A	0000	170
		i2_send_msg    		CODE           	0DC8	0000	246
		i2_in_high_int 		CODE           	1BB8	0000	12
		__initializatio		CODE           	1682	0000	80
		i2_in_low_int  		CODE           	19E0	0000	46
		i1_memcpy      		CODE           	1888	0000	64
		i2_memcpy      		CODE           	16DC	0000	80
		i2_check_msg   		CODE           	1A86	0000	36

shared estimated size: 734

../src/timer1_thread.c
		_timer1_lthread		CODE           	14DA	0000	114
		_init_timer1_lt		CODE           	1B50	0000	18

../src/timer1_thread.c estimated size: 132

../src/my_i2c.c
		_start_i2c_slav		CODE           	0EBE	0000	244
		_handle_start  		CODE           	0FB2	0000	200
		_i2c_master_sen		CODE           	0A50	0000	318
		_i2c_configure_		CODE           	1A38	0000	40
		_i2c_slave_int_		CODE           	00C4	0000	1664
		_init_i2c      		CODE           	15BA	0000	106
		_i2c_int_handle		CODE           	1BCC	0000	6

../src/my_i2c.c estimated size: 2578

C:\Program Files (x86)\Microchip\xc8\v1.30\sources\pic18\plib\USART\uread.c
		_ReadUSART     		CODE           	1B0A	0000	30

C:\Program Files (x86)\Microchip\xc8\v1.30\sources\pic18\plib\USART\uread.c estimated size: 30

C:\Program Files (x86)\Microchip\xc8\v1.30\sources\pic18\plib\Timers\t0open.c
		_OpenTimer0    		CODE           	1A0E	0000	42

C:\Program Files (x86)\Microchip\xc8\v1.30\sources\pic18\plib\Timers\t0open.c estimated size: 42

C:\Program Files (x86)\Microchip\xc8\v1.30\sources\pic18\plib\Timers\t1open.c
		_OpenTimer1    		CODE           	1906	0000	56

C:\Program Files (x86)\Microchip\xc8\v1.30\sources\pic18\plib\Timers\t1open.c estimated size: 56

../src/uart_thread.c
		_uart_lthread  		CODE           	18C8	0000	62

../src/uart_thread.c estimated size: 62

C:\Program Files (x86)\Microchip\xc8\v1.30\sources\pic18\plib\ADC\adcconv.c
		_ConvertADC    		CODE           	1BDC	0000	4

C:\Program Files (x86)\Microchip\xc8\v1.30\sources\pic18\plib\ADC\adcconv.c estimated size: 4

C:\Program Files (x86)\Microchip\xc8\v1.30\sources\pic18\d1ktcyx.c
		_Delay1KTCYx   		CODE           	1B28	0000	22

C:\Program Files (x86)\Microchip\xc8\v1.30\sources\pic18\d1ktcyx.c estimated size: 22

../src/interrupts.c
		_enable_interru		CODE           	1BC4	0000	8
		_in_low_int    		CODE           	177A	0000	70
		_in_main       		CODE           	17C0	0000	68
		_in_high_int   		CODE           	1B62	0000	18
		_InterruptHandl		CODE           	0018	0000	168
		_InterruptHandl		CODE           	0008	0000	5082

../src/interrupts.c estimated size: 5414

C:\Program Files (x86)\Microchip\xc8\v1.30\sources\common\memcpy.c
		_memcpy        		CODE           	1624	0000	94

C:\Program Files (x86)\Microchip\xc8\v1.30\sources\common\memcpy.c estimated size: 94

../src/my_uart.c
		_init_uart_recv		CODE           	1AEC	0000	30
		_uart_recv_int_		CODE           	1124	0000	156

../src/my_uart.c estimated size: 186

C:\Program Files (x86)\Microchip\xc8\v1.30\sources\pic18\plib\ADC\adcsetch.c
		_SetChanADC    		CODE           	1ACC	0000	32

C:\Program Files (x86)\Microchip\xc8\v1.30\sources\pic18\plib\ADC\adcsetch.c estimated size: 32

C:\Program Files (x86)\Microchip\xc8\v1.30\sources\pic18\plib\USART\uopen.c
		_OpenUSART     		CODE           	11C0	0000	146

C:\Program Files (x86)\Microchip\xc8\v1.30\sources\pic18\plib\USART\uopen.c estimated size: 146

../src/messages.c
		_ToMainHigh_sen		CODE           	19AA	0000	54
		_ToMainHigh_rec		CODE           	1846	0000	66
		_block_on_To_ms		CODE           	13E2	0000	126
		_check_msg     		CODE           	1974	0000	54
		_ToMainLow_send		CODE           	1A60	0000	38
		_ToMainLow_recv		CODE           	1804	0000	66
		_FromMainHigh_s		CODE           	193E	0000	54
		_enter_sleep_mo		CODE           	1BD2	0000	6
		_send_msg      		CODE           	0CC4	0000	260
		_init_queue    		CODE           	1460	0000	122
		_init_queues   		CODE           	154C	0000	110
		_recv_msg      		CODE           	0B8E	0000	310
		_SleepIfOkay   		CODE           	172C	0000	78

../src/messages.c estimated size: 1344

C:\Program Files (x86)\Microchip\xc8\v1.30\sources\common\lwmod.c
		___lwmod       		CODE           	1252	0000	138

C:\Program Files (x86)\Microchip\xc8\v1.30\sources\common\lwmod.c estimated size: 138

../src/main.c
		_main          		CODE           	0744	0000	780

../src/main.c estimated size: 780

