Microchip MPLAB XC8 Compiler V1.30 ()

Linker command line:

--edf=C:\Program Files (x86)\Microchip\xc8\v1.30\dat\en_msgs.txt -cs \
  -h+dist/UseXC8/production\PIC_Framework_3.X.production.sym \
  --cmf=dist/UseXC8/production\PIC_Framework_3.X.production.cmf -z \
  -Q18F45J10 -oC:\Users\Devon\AppData\Local\Temp\s8ok.6 \
  -Mdist/UseXC8/production/PIC_Framework_3.X.production.map -E1 -ver=XC8 \
  -ASTACK=01F1h-03ffh -pstack=STACK -ACODE=00h-07FF7h -ACONST=00h-07FF7h \
  -ASMALLCONST=0400h-04FFhx123,07F00h-07FF7h -AMEDIUMCONST=0400h-07FF7h \
  -ACOMRAM=01h-07Fh -AABS1=00h-03FFh -ABIGRAM=01h-03FFh \
  -ARAM=080h-0FFh,0100h-01FFhx3 -ABANK0=080h-0FFh -ABANK1=0100h-01FFh \
  -ABANK2=0200h-02FFh -ABANK3=0300h-03FFh -ASFR=0F80h-0FFFh \
  -preset_vec=00h,intcode=08h,intcodelo=018h,powerup,init,end_init \
  -pramtop=0400h -psmallconst=SMALLCONST -pmediumconst=MEDIUMCONST \
  -pconst=CONST -AFARRAM=00h-00h -ACONFIG=07FF8h-07FFDh -pconfig=CONFIG \
  -pjflash_buffer=07800h \
  -prdata=COMRAM,nvrram=COMRAM,nvbit=COMRAM,rbss=COMRAM,rbit=COMRAM \
  -pfarbss=FARRAM,fardata=FARRAM,nvFARRAM=FARRAM \
  -pintsave_regs=BIGRAM,bigbss=BIGRAM,bigdata=BIGRAM -pbss=RAM \
  -pidata=CODE,irdata=CODE,ibigdata=CODE,ifardata=CODE \
  C:\Users\Devon\AppData\Local\Temp\s8ok.obj \
  dist/UseXC8/production\PIC_Framework_3.X.production.obj 

Object code version is 3.11

Machine type is 18F45J10

Call graph: (short form)




                Name                               Link     Load   Length Selector   Space Scale
C:\Users\Devon\AppData\Local\Temp\s8ok.obj
                end_init                             BE       BE        4        C       0
                reset_vec                             0        0        4        0       0
                config                             7FF8     7FF8        6     7FF8       0
dist/UseXC8/production\PIC_Framework_3.X.production.obj
                intcodelo                            18       18       A6        C       0
                intcode                               8        8        C        4       0
                text55                             1BB2     1BB2        6        C       0
                text54                             1A88     1A88       24        C       0
                text53                             1B9E     1B9E        C        C       0
                text52                             19BC     19BC       2E        C       0
                text51                             16D0     16D0       4E        C       0
                text50                             186C     186C       40        C       0
                text49                             10AC     10AC       AA        C       0
                text48                             1A62     1A62       26        C       0
                text47                              E86      E86       C8        C       0
                text46                              D92      D92       F4        C       0
                text45                               C2       C2      66C        C       0
                text44                             1B66     1B66       12        C       0
                text43                             1B92     1B92        C        C       0
                text42                             1BBC     1BBC        4        C       0
                text41                              F4E      F4E       B4        C       0
                intcode_body                       1156     1156       9E        C       0
                text39                             1B54     1B54       12        C       0
                text38                             1B78     1B78        E        C       0
                text37                             1AEA     1AEA       1E        C       0
                text36                             182C     182C       40        C       0
                text35                             1002     1002       AA        C       0
                text34                             1A3C     1A3C       26        C       0
                text33                             11F4     11F4       9C        C       0
                text31                             1B86     1B86        C        C       0
                text30                             1BB8     1BB8        4        C       0
                text29                             13AC     13AC       84        C       0
                text28                             19EA     19EA       2A        C       0
                text27                             18EA     18EA       38        C       0
                text26                             1290     1290       92        C       0
                text25                             1AAC     1AAC       20        C       0
                text24                             1672     1672       5E        C       0
                text23                              A4A      A4A      136        C       0
                text22                             17EA     17EA       42        C       0
                text21                             17A8     17A8       42        C       0
                text20                             1B08     1B08       16        C       0
                text19                             1958     1958       36        C       0
                text18                             1B42     1B42       12        C       0
                text17                             171E     171E       46        C       0
                text16                             1764     1764       44        C       0
                text15                             1430     1430       7E        C       0
                text14                             1BAA     1BAA        8        C       0
                text13                             1A14     1A14       28        C       0
                text12                             1608     1608       6A        C       0
                text11                             14AE     14AE       7A        C       0
                text10                             159A     159A       6E        C       0
                text9                              1B30     1B30       12        C       0
                text8                              1ACC     1ACC       1E        C       0
                text7                               B80      B80      10E        C       0
                text6                              1B1E     1B1E       12        C       0
                text5                               C8E      C8E      104        C       0
                text4                              1922     1922       36        C       0
                text3                              1322     1322       8A        C       0
                text2                              1528     1528       72        C       0
                text1                              18AC     18AC       3E        C       0
                text0                               72E      72E      31C        C       0
                cstackCOMRAM                          1        1       45        1       1
                cstackBANK0                          B6       B6       2A       80       1
                cstackBANK1                         1A2      1A2       4F      100       1
                bssBANK1                            100      100       A2      100       1
                bssBANK0                             80       80       36       80       1
                bssCOMRAM                            46       46        C        1       1
                cinit                              198E     198E       2E        C       0
                nvBANK0                              E0       E0        2       80       1
                nvCOMRAM                             52       52        2        1       1

TOTAL           Name                               Link     Load   Length     Space
        CLASS   STACK          

        CLASS   CODE           
                end_init                             BE       BE        4         0
                intcodelo                            18       18       A6         0
                intcode                               8        8        C         0
                reset_vec                             0        0        4         0
                text55                             1BB2     1BB2        6         0
                text54                             1A88     1A88       24         0
                text53                             1B9E     1B9E        C         0
                text52                             19BC     19BC       2E         0
                text51                             16D0     16D0       4E         0
                text50                             186C     186C       40         0
                text49                             10AC     10AC       AA         0
                text48                             1A62     1A62       26         0
                text47                              E86      E86       C8         0
                text46                              D92      D92       F4         0
                text45                               C2       C2      66C         0
                text44                             1B66     1B66       12         0
                text43                             1B92     1B92        C         0
                text42                             1BBC     1BBC        4         0
                text41                              F4E      F4E       B4         0
                intcode_body                       1156     1156       9E         0
                text39                             1B54     1B54       12         0
                text38                             1B78     1B78        E         0
                text37                             1AEA     1AEA       1E         0
                text36                             182C     182C       40         0
                text35                             1002     1002       AA         0
                text34                             1A3C     1A3C       26         0
                text33                             11F4     11F4       9C         0
                text31                             1B86     1B86        C         0
                text30                             1BB8     1BB8        4         0
                text29                             13AC     13AC       84         0
                text28                             19EA     19EA       2A         0
                text27                             18EA     18EA       38         0
                text26                             1290     1290       92         0
                text25                             1AAC     1AAC       20         0
                text24                             1672     1672       5E         0
                text23                              A4A      A4A      136         0
                text22                             17EA     17EA       42         0
                text21                             17A8     17A8       42         0
                text20                             1B08     1B08       16         0
                text19                             1958     1958       36         0
                text18                             1B42     1B42       12         0
                text17                             171E     171E       46         0
                text16                             1764     1764       44         0
                text15                             1430     1430       7E         0
                text14                             1BAA     1BAA        8         0
                text13                             1A14     1A14       28         0
                text12                             1608     1608       6A         0
                text11                             14AE     14AE       7A         0
                text10                             159A     159A       6E         0
                text9                              1B30     1B30       12         0
                text8                              1ACC     1ACC       1E         0
                text7                               B80      B80      10E         0
                text6                              1B1E     1B1E       12         0
                text5                               C8E      C8E      104         0
                text4                              1922     1922       36         0
                text3                              1322     1322       8A         0
                text2                              1528     1528       72         0
                text1                              18AC     18AC       3E         0
                text0                               72E      72E      31C         0
                cinit                              198E     198E       2E         0

        CLASS   CONST          

        CLASS   SMALLCONST     

        CLASS   MEDIUMCONST    

        CLASS   COMRAM         
                cstackCOMRAM                          1        1       45         1
                bssCOMRAM                            46       46        C         1
                nvCOMRAM                             52       52        2         1

        CLASS   ABS1           

        CLASS   BIGRAM         

        CLASS   RAM            

        CLASS   BANK0          
                cstackBANK0                          B6       B6       2A         1
                bssBANK0                             80       80       36         1
                nvBANK0                              E0       E0        2         1

        CLASS   BANK1          
                cstackBANK1                         1A2      1A2       4F         1
                bssBANK1                            100      100       A2         1

        CLASS   BANK2          

        CLASS   BANK3          

        CLASS   SFR            

        CLASS   FARRAM         

        CLASS   CONFIG         
                config                             7FF8     7FF8        6         0

        CLASS   IDLOC          



SEGMENTS        Name                           Load    Length   Top    Selector   Space  Class

                reset_vec                      000000  000004  000004         0       0  CODE    
                cstackCOMRAM                   000001  000053  000054         1       1  COMRAM  
                intcode                        000008  00000C  000014         4       0  CODE    
                intcodelo                      000018  001BA8  001BC0         C       0  CODE    
                bssBANK0                       000080  000062  0000E2        80       1  BANK0   
                bssBANK1                       000100  0000F1  0001F1       100       1  BANK1   
                config                         007FF8  000006  007FFE      7FF8       0  CONFIG  


UNUSED ADDRESS RANGES

        Name                Unused          Largest block    Delta
        BANK0            000E2-000FF              1E
        BANK1            001F1-001FF               F
        BANK2            00200-002FF             100
        BANK3            00300-003FF             100
        BIGRAM           00054-0007F              2C
                         000E2-000FF              1E
                         001F1-003FF             20F
        CODE             00004-00007               4
                         00014-00017               4
                         01BC0-07FF7            6438
        COMRAM           00054-0007F              2C
        CONST            00004-00007               4
                         00014-00017               4
                         01BC0-07FF7            6438
        MEDIUMCONST      01BC0-07FF7            6438
        RAM              000E2-000FF              1E
                         001F1-003FF             100
        SFR              00F80-00FFF              80
        SMALLCONST       01BC0-07FF7             100
        STACK            001F1-003FF             20F

                                  Symbol Table

?___lwmod                         cstackBANK0   000D4
?_in_high_int                     cstackBANK0   000D4
?_in_low_int                      cstackBANK0   000D6
?_in_main                         cstackBANK0   000D8
?i2_in_high_int                   cstackCOMRAM  0002D
?i2_in_low_int                    cstackCOMRAM  0002F
Delay1KTCYx@unit                  cstackBANK0   000D4
FromMainHigh_sendmsg@data         cstackBANK1   001AE
FromMainHigh_sendmsg@length       cstackBANK0   000DF
FromMainHigh_sendmsg@msgtype      cstackBANK1   001AD
OpenADC@config                    cstackBANK0   000D8
OpenADC@config2                   cstackBANK0   000D4
OpenADC@portconfig                cstackBANK0   000D5
OpenTimer0@config                 cstackBANK0   000D4
OpenTimer1@config                 cstackBANK0   000D4
OpenUSART@config                  cstackBANK0   000D9
OpenUSART@spbrg                   cstackBANK0   000D4
ReadUSART@data                    cstackCOMRAM  00001
SetChanADC@channel                cstackBANK0   000D5
ToMainHigh_recvmsg@data           cstackBANK1   001B0
ToMainHigh_recvmsg@maxlength      cstackBANK1   001B2
ToMainHigh_recvmsg@msgtype        cstackBANK1   001AE
ToMainHigh_sendmsg@data           cstackCOMRAM  00044
ToMainHigh_sendmsg@length         cstackBANK0   000B6
ToMainHigh_sendmsg@msgtype        cstackCOMRAM  00043
ToMainLow_recvmsg@data            cstackBANK1   001B0
ToMainLow_recvmsg@maxlength       cstackBANK1   001B2
ToMainLow_recvmsg@msgtype         cstackBANK1   001AE
ToMainLow_sendmsg@data            cstackCOMRAM  00018
ToMainLow_sendmsg@length          cstackCOMRAM  0001A
ToMainLow_sendmsg@msgtype         cstackCOMRAM  00017
WriteTimer0@timer                 cstackCOMRAM  0002F
WriteTimer0@timer0                cstackCOMRAM  0002D
WriteTimer1@timer                 cstackCOMRAM  00003
WriteTimer1@timer1                cstackCOMRAM  00001
_ADCON0                           (abs)         00FC2
_ADCON0bits                       (abs)         00FC2
_ADCON1                           (abs)         00FC1
_ADCON2                           (abs)         00FC0
_ADRESH                           (abs)         00FC4
_BusyADC                          text31        01B86
_ConvertADC                       text30        01BB8
_Delay1KTCYx                      text20        01B08
_FromMainHigh_MQ                  bssBANK1      00100
_FromMainHigh_sendmsg             text4         01922
_FromMainLow_MQ                   bssBANK1      00136
_INTCONbits                       (abs)         00FF2
_IPR1bits                         (abs)         00F9F
_InterruptHandlerHigh             intcode       00008
_InterruptHandlerLow              intcodelo     00018
_LATA                             (abs)         00F89
_LATB                             (abs)         00F8A
_LATBbits                         (abs)         00F8A
_MQ_Main_Willing_to_block         bssCOMRAM     00046
_OSCCON                           (abs)         00FD3
_OSCCONbits                       (abs)         00FD3
_OSCTUNEbits                      (abs)         00F9B
_OpenADC                          text29        013AC
_OpenTimer0                       text28        019EA
_OpenTimer1                       text27        018EA
_OpenUSART                        text26        01290
_PIE1bits                         (abs)         00F9D
_PIR1bits                         (abs)         00F9E
_PORTA                            (abs)         00F80
_RCONbits                         (abs)         00FD0
_RCREG                            (abs)         00FAE
_RCSTA                            (abs)         00FAB
_RCSTAbits                        (abs)         00FAB
_ReadUSART                        text37        01AEA
_SPBRG                            (abs)         00FAF
_SPBRGH                           (abs)         00FB0
_SSPADD                           (abs)         00FC8
_SSPBUF                           (abs)         00FC9
_SSPCON1                          (abs)         00FC6
_SSPCON1bits                      (abs)         00FC6
_SSPCON2                          (abs)         00FC5
_SSPCON2bits                      (abs)         00FC5
_SSPSTAT                          (abs)         00FC7
_SSPSTATbits                      (abs)         00FC7
_SetChanADC                       text25        01AAC
_SleepIfOkay                      text51        016D0
_T0CON                            (abs)         00FD5
_T0CONbits                        (abs)         00FD5
_T1CON                            (abs)         00FCD
_T1CONbits                        (abs)         00FCD
_TMR0H                            (abs)         00FD7
_TMR0L                            (abs)         00FD6
_TMR1H                            (abs)         00FCF
_TMR1L                            (abs)         00FCE
_TRISA                            (abs)         00F92
_TRISB                            (abs)         00F93
_TRISCbits                        (abs)         00F94
_TXSTA                            (abs)         00FAC
_TXSTAbits                        (abs)         00FAC
_ToMainHigh_MQ                    bssBANK1      0016C
_ToMainHigh_recvmsg               text22        017EA
_ToMainHigh_sendmsg               text48        01A62
_ToMainLow_MQ                     bssBANK0      00080
_ToMainLow_recvmsg                text21        017A8
_ToMainLow_sendmsg                text34        01A3C
_USART_Status                     bssCOMRAM     00047
_WriteTimer0                      text44        01B66
_WriteTimer1                      text39        01B54
__CFG_CCP2MX$DEFAULT              (abs)         00000
__CFG_CP0$OFF                     (abs)         00000
__CFG_FCMEN$ON                    (abs)         00000
__CFG_FOSC$HSPLL                  (abs)         00000
__CFG_FOSC2$ON                    (abs)         00000
__CFG_IESO$ON                     (abs)         00000
__CFG_STVREN$OFF                  (abs)         00000
__CFG_WDTEN$OFF                   (abs)         00000
__CFG_WDTPS$32768                 (abs)         00000
__CFG_XINST$OFF                   (abs)         00000
__HRAM                            (abs)         00000
__Habs1                           abs1          00000
__Hbank0                          bank0         00000
__Hbank1                          bank1         00000
__Hbank2                          bank2         00000
__Hbank3                          bank3         00000
__Hbigbss                         bigbss        00000
__Hbigdata                        bigdata       00000
__Hbigram                         bigram        00000
__Hbss                            bss           00000
__HbssBANK0                       bssBANK0      00000
__HbssBANK1                       bssBANK1      00000
__HbssCOMRAM                      bssCOMRAM     00000
__Hcinit                          cinit         00000
__Hclrtext                        clrtext       00000
__Hcomram                         comram        00000
__Hconfig                         config        07FFE
__Hconst                          const         00000
__HcstackBANK0                    cstackBANK0   00000
__HcstackBANK1                    cstackBANK1   00000
__HcstackCOMRAM                   cstackCOMRAM  00000
__Hdata                           data          00000
__Hend_init                       end_init      000C2
__Hfarbss                         farbss        00000
__Hfardata                        fardata       00000
__Hibigdata                       ibigdata      00000
__Hidata                          idata         00000
__Hidloc                          idloc         00000
__Hifardata                       ifardata      00000
__Hinit                           init          000BE
__Hintcode                        intcode       00014
__Hintcode_body                   intcode_body  00000
__Hintcodelo                      intcodelo     000BE
__Hintentry                       intentry      00000
__Hintret                         intret        00000
__Hintsave_regs                   intsave_regs  00000
__Hirdata                         irdata        00000
__Hjflash_buffer                  jflash_buffer 07800
__Hmediumconst                    mediumconst   00000
__HnvBANK0                        nvBANK0       00000
__HnvCOMRAM                       nvCOMRAM      00000
__HnvFARRAM                       nvFARRAM      00000
__Hnvbit                          nvbit         00000
__Hnvrram                         nvrram        00000
__Hparam                          rparam        00000
__Hpowerup                        powerup       000BE
__Hram                            ram           00000
__Hramtop                         ramtop        00400
__Hrbit                           rbit          00000
__Hrbss                           rbss          00000
__Hrdata                          rdata         00000
__Hreset_vec                      reset_vec     00004
__Hrparam                         rparam        00000
__Hsfr                            sfr           00000
__Hsmallconst                     smallconst    00000
__Hstack                          stack         00000
__Hstruct                         struct        00000
__Htemp                           temp          00000
__Htext                           text          00000
__Htext0                          text0         00000
__Htext1                          text1         00000
__Htext10                         text10        00000
__Htext11                         text11        00000
__Htext12                         text12        00000
__Htext13                         text13        00000
__Htext14                         text14        00000
__Htext15                         text15        00000
__Htext16                         text16        00000
__Htext17                         text17        00000
__Htext18                         text18        00000
__Htext19                         text19        00000
__Htext2                          text2         00000
__Htext20                         text20        00000
__Htext21                         text21        00000
__Htext22                         text22        00000
__Htext23                         text23        00000
__Htext24                         text24        00000
__Htext25                         text25        00000
__Htext26                         text26        00000
__Htext27                         text27        00000
__Htext28                         text28        00000
__Htext29                         text29        00000
__Htext3                          text3         00000
__Htext30                         text30        00000
__Htext31                         text31        00000
__Htext33                         text33        00000
__Htext34                         text34        00000
__Htext35                         text35        00000
__Htext36                         text36        00000
__Htext37                         text37        00000
__Htext38                         text38        00000
__Htext39                         text39        00000
__Htext4                          text4         00000
__Htext41                         text41        00000
__Htext42                         text42        00000
__Htext43                         text43        00000
__Htext44                         text44        00000
__Htext45                         text45        00000
__Htext46                         text46        00000
__Htext47                         text47        00000
__Htext48                         text48        00000
__Htext49                         text49        00000
__Htext5                          text5         00000
__Htext50                         text50        00000
__Htext51                         text51        00000
__Htext52                         text52        00000
__Htext53                         text53        00000
__Htext54                         text54        00000
__Htext55                         text55        00000
__Htext6                          text6         00000
__Htext7                          text7         00000
__Htext8                          text8         00000
__Htext9                          text9         00000
__LRAM                            (abs)         00001
__Labs1                           abs1          00000
__Lbank0                          bank0         00000
__Lbank1                          bank1         00000
__Lbank2                          bank2         00000
__Lbank3                          bank3         00000
__Lbigbss                         bigbss        00000
__Lbigdata                        bigdata       00000
__Lbigram                         bigram        00000
__Lbss                            bss           00000
__LbssBANK0                       bssBANK0      00000
__LbssBANK1                       bssBANK1      00000
__LbssCOMRAM                      bssCOMRAM     00000
__Lcinit                          cinit         00000
__Lclrtext                        clrtext       00000
__Lcomram                         comram        00000
__Lconfig                         config        07FF8
__Lconst                          const         00000
__LcstackBANK0                    cstackBANK0   00000
__LcstackBANK1                    cstackBANK1   00000
__LcstackCOMRAM                   cstackCOMRAM  00000
__Ldata                           data          00000
__Lend_init                       end_init      000BE
__Lfarbss                         farbss        00000
__Lfardata                        fardata       00000
__Libigdata                       ibigdata      00000
__Lidata                          idata         00000
__Lidloc                          idloc         00000
__Lifardata                       ifardata      00000
__Linit                           init          000BE
__Lintcode                        intcode       00008
__Lintcode_body                   intcode_body  00000
__Lintcodelo                      intcodelo     00018
__Lintentry                       intentry      00000
__Lintret                         intret        00000
__Lintsave_regs                   intsave_regs  00000
__Lirdata                         irdata        00000
__Ljflash_buffer                  jflash_buffer 07800
__Lmediumconst                    mediumconst   00000
__LnvBANK0                        nvBANK0       00000
__LnvCOMRAM                       nvCOMRAM      00000
__LnvFARRAM                       nvFARRAM      00000
__Lnvbit                          nvbit         00000
__Lnvrram                         nvrram        00000
__Lparam                          rparam        00000
__Lpowerup                        powerup       000BE
__Lram                            ram           00000
__Lramtop                         ramtop        00400
__Lrbit                           rbit          00000
__Lrbss                           rbss          00000
__Lrdata                          rdata         00000
__Lreset_vec                      reset_vec     00000
__Lrparam                         rparam        00000
__Lsfr                            sfr           00000
__Lsmallconst                     smallconst    00000
__Lstack                          stack         00000
__Lstruct                         struct        00000
__Ltemp                           temp          00000
__Ltext                           text          00000
__Ltext0                          text0         00000
__Ltext1                          text1         00000
__Ltext10                         text10        00000
__Ltext11                         text11        00000
__Ltext12                         text12        00000
__Ltext13                         text13        00000
__Ltext14                         text14        00000
__Ltext15                         text15        00000
__Ltext16                         text16        00000
__Ltext17                         text17        00000
__Ltext18                         text18        00000
__Ltext19                         text19        00000
__Ltext2                          text2         00000
__Ltext20                         text20        00000
__Ltext21                         text21        00000
__Ltext22                         text22        00000
__Ltext23                         text23        00000
__Ltext24                         text24        00000
__Ltext25                         text25        00000
__Ltext26                         text26        00000
__Ltext27                         text27        00000
__Ltext28                         text28        00000
__Ltext29                         text29        00000
__Ltext3                          text3         00000
__Ltext30                         text30        00000
__Ltext31                         text31        00000
__Ltext33                         text33        00000
__Ltext34                         text34        00000
__Ltext35                         text35        00000
__Ltext36                         text36        00000
__Ltext37                         text37        00000
__Ltext38                         text38        00000
__Ltext39                         text39        00000
__Ltext4                          text4         00000
__Ltext41                         text41        00000
__Ltext42                         text42        00000
__Ltext43                         text43        00000
__Ltext44                         text44        00000
__Ltext45                         text45        00000
__Ltext46                         text46        00000
__Ltext47                         text47        00000
__Ltext48                         text48        00000
__Ltext49                         text49        00000
__Ltext5                          text5         00000
__Ltext50                         text50        00000
__Ltext51                         text51        00000
__Ltext52                         text52        00000
__Ltext53                         text53        00000
__Ltext54                         text54        00000
__Ltext55                         text55        00000
__Ltext6                          text6         00000
__Ltext7                          text7         00000
__Ltext8                          text8         00000
__Ltext9                          text9         00000
__S0                              (abs)         07FFE
__S1                              (abs)         001F1
__S2                              (abs)         00000
___extmem_base                    (abs)         20000
___inthi_sp                       stack         00000
___intlo_sp                       stack         00000
___lwmod                          text3         01322
___lwmod@counter                  cstackBANK0   000D9
___lwmod@dividend                 cstackBANK0   000D4
___lwmod@divisor                  cstackBANK0   000D6
___sp                             stack         00000
__accesstop                       (abs)         00080
__activetblptr                    (abs)         00002
__end_of_BusyADC                  text31        01B92
__end_of_ConvertADC               text30        01BBC
__end_of_Delay1KTCYx              text20        01B1E
__end_of_FromMainHigh_sendmsg     text4         01958
__end_of_InterruptHandlerHigh     intcode_body  011F4
__end_of_InterruptHandlerLow      intcodelo     000BE
__end_of_OpenADC                  text29        01430
__end_of_OpenTimer0               text28        01A14
__end_of_OpenTimer1               text27        01922
__end_of_OpenUSART                text26        01322
__end_of_ReadUSART                text37        01B08
__end_of_SetChanADC               text25        01ACC
__end_of_SleepIfOkay              text51        0171E
__end_of_ToMainHigh_recvmsg       text22        0182C
__end_of_ToMainHigh_sendmsg       text48        01A88
__end_of_ToMainLow_recvmsg        text21        017EA
__end_of_ToMainLow_sendmsg        text34        01A62
__end_of_WriteTimer0              text44        01B78
__end_of_WriteTimer1              text39        01B66
__end_of___lwmod                  text3         013AC
__end_of__initialization          cinit         019B2
__end_of_block_on_To_msgqueues    text15        014AE
__end_of_check_msg                text19        0198E
__end_of_enable_interrupts        text14        01BB2
__end_of_enter_sleep_mode         text55        01BB8
__end_of_handle_start             text47        00F4E
__end_of_i2c_configure_slave      text13        01A3C
__end_of_i2c_int_handler          text45        0072E
__end_of_in_high_int              text18        01B54
__end_of_in_low_int               text17        01764
__end_of_in_main                  text16        017A8
__end_of_init_i2c                 text12        01672
__end_of_init_queue               text11        01528
__end_of_init_queues              text10        01608
__end_of_init_timer1_lthread      text9         01B42
__end_of_init_uart_recv           text8         01AEA
__end_of_main                     text0         00A4A
__end_of_memcpy                   text24        016D0
__end_of_recv_msg                 text23        00B80
__end_of_send_msg                 text5         00D92
__end_of_start_i2c_slave_reply    text7         00C8E
__end_of_timer0_int_handler       text41        01002
__end_of_timer0_lthread           text6         01B30
__end_of_timer1_int_handler       text38        01B86
__end_of_timer1_lthread           text2         0159A
__end_of_uart_lthread             text1         018EA
__end_of_uart_recv_int_handler    text33        01290
__end_ofi1_memcpy                 text36        0186C
__end_ofi1_send_msg               text35        010AC
__end_ofi2_BusyADC                text43        01B9E
__end_ofi2_ConvertADC             text42        01BC0
__end_ofi2_check_msg              text54        01AAC
__end_ofi2_in_high_int            text53        01BAA
__end_ofi2_in_low_int             text52        019EA
__end_ofi2_memcpy                 text50        018AC
__end_ofi2_send_msg               text49        01156
__end_ofi2_start_i2c_slave_reply  text46        00E86
__initialization                  cinit         0198E
__mediumconst                     mediumconst   00000
__pbssBANK0                       bssBANK0      00080
__pbssBANK1                       bssBANK1      00100
__pbssCOMRAM                      bssCOMRAM     00046
__pcinit                          cinit         0198E
__pcstackBANK0                    cstackBANK0   000B6
__pcstackBANK1                    cstackBANK1   001A2
__pcstackCOMRAM                   cstackCOMRAM  00001
__pintcode                        intcode       00008
__pintcode_body                   intcode_body  01156
__pintcodelo                      intcodelo     00018
__pnvBANK0                        nvBANK0       000E0
__pnvCOMRAM                       nvCOMRAM      00052
__ptext0                          text0         0072E
__ptext1                          text1         018AC
__ptext10                         text10        0159A
__ptext11                         text11        014AE
__ptext12                         text12        01608
__ptext13                         text13        01A14
__ptext14                         text14        01BAA
__ptext15                         text15        01430
__ptext16                         text16        01764
__ptext17                         text17        0171E
__ptext18                         text18        01B42
__ptext19                         text19        01958
__ptext2                          text2         01528
__ptext20                         text20        01B08
__ptext21                         text21        017A8
__ptext22                         text22        017EA
__ptext23                         text23        00A4A
__ptext24                         text24        01672
__ptext25                         text25        01AAC
__ptext26                         text26        01290
__ptext27                         text27        018EA
__ptext28                         text28        019EA
__ptext29                         text29        013AC
__ptext3                          text3         01322
__ptext30                         text30        01BB8
__ptext31                         text31        01B86
__ptext33                         text33        011F4
__ptext34                         text34        01A3C
__ptext35                         text35        01002
__ptext36                         text36        0182C
__ptext37                         text37        01AEA
__ptext38                         text38        01B78
__ptext39                         text39        01B54
__ptext4                          text4         01922
__ptext41                         text41        00F4E
__ptext42                         text42        01BBC
__ptext43                         text43        01B92
__ptext44                         text44        01B66
__ptext45                         text45        000C2
__ptext46                         text46        00D92
__ptext47                         text47        00E86
__ptext48                         text48        01A62
__ptext49                         text49        010AC
__ptext5                          text5         00C8E
__ptext50                         text50        0186C
__ptext51                         text51        016D0
__ptext52                         text52        019BC
__ptext53                         text53        01B9E
__ptext54                         text54        01A88
__ptext55                         text55        01BB2
__ptext6                          text6         01B1E
__ptext7                          text7         00B80
__ptext8                          text8         01ACC
__ptext9                          text9         01B30
__ramtop                          ramtop        00400
__size_of_BusyADC                 (abs)         00000
__size_of_ConvertADC              (abs)         00000
__size_of_Delay1KTCYx             (abs)         00000
__size_of_FromMainHigh_sendmsg    (abs)         00000
__size_of_InterruptHandlerHigh    (abs)         00000
__size_of_InterruptHandlerLow     (abs)         00000
__size_of_OpenADC                 (abs)         00000
__size_of_OpenTimer0              (abs)         00000
__size_of_OpenTimer1              (abs)         00000
__size_of_OpenUSART               (abs)         00000
__size_of_ReadUSART               (abs)         00000
__size_of_SetChanADC              (abs)         00000
__size_of_SleepIfOkay             (abs)         00000
__size_of_ToMainHigh_recvmsg      (abs)         00000
__size_of_ToMainHigh_sendmsg      (abs)         00000
__size_of_ToMainLow_recvmsg       (abs)         00000
__size_of_ToMainLow_sendmsg       (abs)         00000
__size_of_WriteTimer0             (abs)         00000
__size_of_WriteTimer1             (abs)         00000
__size_of___lwmod                 (abs)         00000
__size_of_block_on_To_msgqueues   (abs)         00000
__size_of_check_msg               (abs)         00000
__size_of_enable_interrupts       (abs)         00000
__size_of_enter_sleep_mode        (abs)         00000
__size_of_handle_start            (abs)         00000
__size_of_i2c_configure_slave     (abs)         00000
__size_of_i2c_int_handler         (abs)         00000
__size_of_in_high_int             (abs)         00000
__size_of_in_low_int              (abs)         00000
__size_of_in_main                 (abs)         00000
__size_of_init_i2c                (abs)         00000
__size_of_init_queue              (abs)         00000
__size_of_init_queues             (abs)         00000
__size_of_init_timer1_lthread     (abs)         00000
__size_of_init_uart_recv          (abs)         00000
__size_of_main                    (abs)         00000
__size_of_memcpy                  (abs)         00000
__size_of_recv_msg                (abs)         00000
__size_of_send_msg                (abs)         00000
__size_of_start_i2c_slave_reply   (abs)         00000
__size_of_timer0_int_handler      (abs)         00000
__size_of_timer0_lthread          (abs)         00000
__size_of_timer1_int_handler      (abs)         00000
__size_of_timer1_lthread          (abs)         00000
__size_of_uart_lthread            (abs)         00000
__size_of_uart_recv_int_handler   (abs)         00000
__size_ofi1_memcpy                (abs)         00000
__size_ofi1_send_msg              (abs)         00000
__size_ofi2_BusyADC               (abs)         00000
__size_ofi2_ConvertADC            (abs)         00000
__size_ofi2_check_msg             (abs)         00000
__size_ofi2_in_high_int           (abs)         00000
__size_ofi2_in_low_int            (abs)         00000
__size_ofi2_memcpy                (abs)         00000
__size_ofi2_send_msg              (abs)         00000
__size_ofi2_start_i2c_slave_reply (abs)         00000
__smallconst                      smallconst    00000
_adcbuffer                        bssCOMRAM     00048
_block_on_To_msgqueues            text15        01430
_check_msg                        text19        01958
_enable_interrupts                text14        01BAA
_enter_sleep_mode                 text55        01BB2
_handle_start                     text47        00E86
_i2c_configure_slave              text13        01A14
_i2c_int_handler                  text45        000C2
_ic_ptr                           nvBANK0       000E0
_in_high_int                      text18        01B42
_in_low_int                       text17        0171E
_in_main                          text16        01764
_init_i2c                         text12        01608
_init_queue                       text11        014AE
_init_queues                      text10        0159A
_init_timer1_lthread              text9         01B30
_init_uart_recv                   text8         01ACC
_main                             text0         0072E
_memcpy                           text24        01672
_recv_msg                         text23        00A4A
_send_msg                         text5         00C8E
_start_i2c_slave_reply            text7         00B80
_timer0_int_handler               text41        00F4E
_timer0_lthread                   text6         01B1E
_timer1_int_handler               text38        01B78
_timer1_lthread                   text2         01528
_uart_lthread                     text1         018AC
_uart_recv_int_handler            text33        011F4
_uc_ptr                           nvCOMRAM      00052
check_msg@qptr                    cstackBANK0   000D4
end_of_initialization             cinit         019B2
handle_start@data_read            cstackCOMRAM  0002D
i1_memcpy                         text36        0182C
i1_send_msg                       text35        01002
i1memcpy@d                        cstackCOMRAM  00007
i1memcpy@d1                       cstackCOMRAM  00001
i1memcpy@n                        cstackCOMRAM  00005
i1memcpy@s                        cstackCOMRAM  00009
i1memcpy@s1                       cstackCOMRAM  00003
i1send_msg@data                   cstackCOMRAM  0000F
i1send_msg@length                 cstackCOMRAM  0000D
i1send_msg@msgtype                cstackCOMRAM  0000E
i1send_msg@qmsg                   cstackCOMRAM  00015
i1send_msg@qptr                   cstackCOMRAM  0000B
i1send_msg@slot                   cstackCOMRAM  00014
i1send_msg@tlength                cstackCOMRAM  00012
i2_BusyADC                        text43        01B92
i2_ConvertADC                     text42        01BBC
i2_check_msg                      text54        01A88
i2_in_high_int                    text53        01B9E
i2_in_low_int                     text52        019BC
i2_memcpy                         text50        0186C
i2_send_msg                       text49        010AC
i2_start_i2c_slave_reply          text46        00D92
i2c_configure_slave@addr          cstackBANK0   000D4
i2c_int_handler@adcbuffer         cstackBANK0   000B7
i2c_int_handler@data_read         cstackBANK0   000C5
i2c_int_handler@data_written      cstackBANK0   000C0
i2c_int_handler@error_buf         cstackBANK0   000BD
i2c_int_handler@i2c_data          cstackBANK0   000C2
i2c_int_handler@length            cstackBANK0   000BB
i2c_int_handler@msg_ready         cstackBANK0   000C4
i2c_int_handler@msg_to_send       cstackBANK0   000C3
i2c_int_handler@overrun_error     cstackBANK0   000C1
i2check_msg@qptr                  cstackCOMRAM  0002D
i2memcpy@d                        cstackCOMRAM  00033
i2memcpy@d1                       cstackCOMRAM  0002D
i2memcpy@n                        cstackCOMRAM  00031
i2memcpy@s                        cstackCOMRAM  00035
i2memcpy@s1                       cstackCOMRAM  0002F
i2send_msg@data                   cstackCOMRAM  0003B
i2send_msg@length                 cstackCOMRAM  00039
i2send_msg@msgtype                cstackCOMRAM  0003A
i2send_msg@qmsg                   cstackCOMRAM  00041
i2send_msg@qptr                   cstackCOMRAM  00037
i2send_msg@slot                   cstackCOMRAM  00040
i2send_msg@tlength                cstackCOMRAM  0003E
i2start_i2c_slave_reply@length    cstackCOMRAM  00031
i2start_i2c_slave_reply@msg       cstackCOMRAM  0002D
init_i2c@ic                       cstackBANK0   000D4
init_queue@i                      cstackBANK0   000D7
init_queue@qptr                   cstackBANK0   000D4
init_timer1_lthread@tptr          cstackBANK0   000D4
init_uart_recv@uc                 cstackBANK0   000D4
int_func                          intcode_body  01156
intlevel0                         text          00000
intlevel1                         text          00000
intlevel2                         text          00000
intlevel3                         text          00000
main@ic                           cstackBANK1   001D5
main@last_reg_recvd               cstackBANK1   001CB
main@length                       cstackBANK1   001D4
main@msgbuffer                    cstackBANK1   001BC
main@msgtype                      cstackBANK1   001D3
main@t0thread_data                cstackBANK1   001C9
main@t1thread_data                cstackBANK1   001D1
main@uc                           cstackBANK1   001CC
main@uthread_data                 cstackBANK1   001C7
memcpy@d                          cstackBANK0   000DA
memcpy@d1                         cstackBANK0   000D4
memcpy@n                          cstackBANK0   000D8
memcpy@s                          cstackBANK0   000DC
memcpy@s1                         cstackBANK0   000D6
recv_msg@data                     cstackBANK1   001A7
recv_msg@maxlength                cstackBANK1   001A4
recv_msg@msgtype                  cstackBANK1   001A5
recv_msg@qmsg                     cstackBANK1   001AC
recv_msg@qptr                     cstackBANK1   001A2
recv_msg@slot                     cstackBANK1   001A9
recv_msg@tlength                  cstackBANK1   001AA
send_msg@data                     cstackBANK1   001A6
send_msg@length                   cstackBANK1   001A4
send_msg@msgtype                  cstackBANK1   001A5
send_msg@qmsg                     cstackBANK1   001AB
send_msg@qptr                     cstackBANK1   001A2
send_msg@slot                     cstackBANK1   001AA
send_msg@tlength                  cstackBANK1   001A8
stackhi                           (abs)         003FF
stacklo                           (abs)         001F1
start                             init          000BE
start_i2c_slave_reply@length      cstackBANK0   000D8
start_i2c_slave_reply@msg         cstackBANK0   000D4
start_initialization              cinit         0198E
timer0_int_handler@adcbuffer      cstackCOMRAM  00031
timer0_int_handler@i              cstackCOMRAM  00035
timer0_lthread@length             cstackBANK0   000D8
timer0_lthread@msgbuffer          cstackBANK0   000DA
timer0_lthread@msgtype            cstackBANK0   000D6
timer0_lthread@msgval             cstackBANK0   000DC
timer0_lthread@tptr               cstackBANK0   000D4
timer1_int_handler@adcbuffer      cstackCOMRAM  00005
timer1_lthread@length             cstackBANK1   001B4
timer1_lthread@msgbuffer          cstackBANK1   001B6
timer1_lthread@msgtype            cstackBANK1   001B2
timer1_lthread@retval             cstackBANK1   001B9
timer1_lthread@tptr               cstackBANK1   001B0
uart_lthread@length               cstackBANK0   000D8
uart_lthread@msgbuffer            cstackBANK0   000DA
uart_lthread@msgtype              cstackBANK0   000D6
uart_lthread@uptr                 cstackBANK0   000D4


FUNCTION INFORMATION:

 *************** function _main *****************
 Defined at:
		line 186 in file "../src/main.c"
 Parameters:    Size  Location     Type
		None
 Auto vars:     Size  Location     Type
  ic             28   51[BANK1 ] struct __i2c_comm
  msgbuffer      11   26[BANK1 ] unsigned char [11]
  uc              5   42[BANK1 ] struct __uart_comm
  t1thread_dat    2   47[BANK1 ] struct __timer1_thread_s
  t0thread_dat    2   39[BANK1 ] struct __timer0_thread_s
  uthread_data    2   37[BANK1 ] struct __uart_thread_str
  length          1   50[BANK1 ] char 
  msgtype         1   49[BANK1 ] unsigned char 
  last_reg_rec    1   41[BANK1 ] unsigned char 
  i               1    0        unsigned char 
  c               1    0        unsigned char 
 Return value:  Size  Location     Type
		None               void
 Registers used:
		wreg, fsr0l, fsr0h, fsr1l, fsr1h, fsr1l, fsr1h, fsr2l, fsr2h, status,2, status,0, pclat, btemp, btemp+1, btemp+2, btemp+3, btemp+4, btemp+5, btemp+6, btemp+7, btemp+8, btemp+9, btemp+10, btemp+11, tosl, structret, tblptrl, tblptrh, tblptru, prodl, prodh, bsr, cstack
 Tracked objects:
		On entry : 
		On exit  : 
		Unchanged: 
 Data sizes:     COMRAM   BANK0   BANK1   BANK2   BANK3
      Params:         0       0       0       0       0
      Locals:         0       0      53       0       0
      Temps:          0       0       2       0       0
      Totals:         0       0      55       0       0
Total ram usage:       55 bytes
 Hardware stack levels required when called:   14
 This function calls:
		_BusyADC
		_ConvertADC
		_OpenADC
		_OpenTimer0
		_OpenTimer1
		_OpenUSART
		_SetChanADC
		_ToMainHigh_recvmsg
		_ToMainLow_recvmsg
		_block_on_To_msgqueues
		_enable_interrupts
		_i2c_configure_slave
		_init_i2c
		_init_queues
		_init_timer1_lthread
		_init_uart_recv
		_start_i2c_slave_reply
		_timer0_lthread
		_timer1_lthread
		_uart_lthread
 This function is called by:
		Startup code after reset
 This function uses a non-reentrant model


 *************** function _uart_lthread *****************
 Defined at:
		line 9 in file "../src/uart_thread.c"
 Parameters:    Size  Location     Type
  uptr            2   30[BANK0 ] PTR struct __uart_thread
		 -> main@uthread_data(2), 
  msgtype         2   32[BANK0 ] int 
  length          2   34[BANK0 ] int 
  msgbuffer       2   36[BANK0 ] PTR unsigned char 
		 -> main@msgbuffer(11), 
 Auto vars:     Size  Location     Type
		None
 Return value:  Size  Location     Type
                  2   30[BANK0 ] int 
 Registers used:
		wreg, fsr2l, fsr2h, status,2, status,0
 Tracked objects:
		On entry : 
		On exit  : 
		Unchanged: 
 Data sizes:     COMRAM   BANK0   BANK1   BANK2   BANK3
      Params:         0       8       0       0       0
      Locals:         0       0       0       0       0
      Temps:          0       0       0       0       0
      Totals:         0       8       0       0       0
Total ram usage:        8 bytes
 Hardware stack levels used:    1
 Hardware stack levels required when called:   10
 This function calls:
		Nothing
 This function is called by:
		_main
 This function uses a non-reentrant model


 *************** function _timer1_lthread *****************
 Defined at:
		line 14 in file "../src/timer1_thread.c"
 Parameters:    Size  Location     Type
  tptr            2   14[BANK1 ] PTR struct __timer1_thre
		 -> main@t1thread_data(2), 
  msgtype         2   16[BANK1 ] int 
  length          2   18[BANK1 ] int 
  msgbuffer       2   20[BANK1 ] PTR unsigned char 
		 -> main@msgbuffer(11), 
 Auto vars:     Size  Location     Type
  retval          1   23[BANK1 ] char 
 Return value:  Size  Location     Type
                  2   14[BANK1 ] int 
 Registers used:
		wreg, fsr1l, fsr1h, fsr2l, fsr2h, status,2, status,0, prodl, prodh, cstack
 Tracked objects:
		On entry : 
		On exit  : 
		Unchanged: 
 Data sizes:     COMRAM   BANK0   BANK1   BANK2   BANK3
      Params:         0       0       8       0       0
      Locals:         0       0       1       0       0
      Temps:          0       0       1       0       0
      Totals:         0       0      10       0       0
Total ram usage:       10 bytes
 Hardware stack levels used:    1
 Hardware stack levels required when called:   13
 This function calls:
		_FromMainHigh_sendmsg
		___lwmod
 This function is called by:
		_main
 This function uses a non-reentrant model


 *************** function ___lwmod *****************
 Defined at:
		line 8 in file "C:\Program Files (x86)\Microchip\xc8\v1.30\sources\common\lwmod.c"
 Parameters:    Size  Location     Type
  dividend        2   30[BANK0 ] unsigned int 
  divisor         2   32[BANK0 ] unsigned int 
 Auto vars:     Size  Location     Type
  counter         1   35[BANK0 ] unsigned char 
 Return value:  Size  Location     Type
                  2   30[BANK0 ] unsigned int 
 Registers used:
		wreg, status,2, status,0
 Tracked objects:
		On entry : 
		On exit  : 
		Unchanged: 
 Data sizes:     COMRAM   BANK0   BANK1   BANK2   BANK3
      Params:         0       4       0       0       0
      Locals:         0       1       0       0       0
      Temps:          0       1       0       0       0
      Totals:         0       6       0       0       0
Total ram usage:        6 bytes
 Hardware stack levels used:    1
 Hardware stack levels required when called:   10
 This function calls:
		Nothing
 This function is called by:
		_timer1_lthread
 This function uses a non-reentrant model


 *************** function _FromMainHigh_sendmsg *****************
 Defined at:
		line 174 in file "../src/messages.c"
 Parameters:    Size  Location     Type
  length          1    wreg     unsigned char 
  msgtype         1   11[BANK1 ] unsigned char 
  data            2   12[BANK1 ] PTR void 
		 -> main@t1thread_data(2), 
 Auto vars:     Size  Location     Type
  length          1   41[BANK0 ] unsigned char 
 Return value:  Size  Location     Type
                  1    wreg      char 
 Registers used:
		wreg, fsr1l, fsr1h, fsr2l, fsr2h, status,2, status,0, prodl, prodh, cstack
 Tracked objects:
		On entry : 
		On exit  : 
		Unchanged: 
 Data sizes:     COMRAM   BANK0   BANK1   BANK2   BANK3
      Params:         0       0       3       0       0
      Locals:         0       1       0       0       0
      Temps:          0       0       0       0       0
      Totals:         0       1       3       0       0
Total ram usage:        4 bytes
 Hardware stack levels used:    1
 Hardware stack levels required when called:   12
 This function calls:
		_send_msg
 This function is called by:
		_timer1_lthread
 This function uses a non-reentrant model


 *************** function _send_msg *****************
 Defined at:
		line 24 in file "../src/messages.c"
 Parameters:    Size  Location     Type
  qptr            2    0[BANK1 ] PTR struct __msg_queue
		 -> FromMainHigh_MQ(54), FromMainLow_MQ(54), ToMainHigh_MQ(54), ToMainLow_MQ(54), 
  length          1    2[BANK1 ] unsigned char 
  msgtype         1    3[BANK1 ] unsigned char 
  data            2    4[BANK1 ] PTR void 
		 -> NULL(0), i2c_int_handler@error_buf(3), main@t1thread_data(2), main@ic(28), 
		 -> main@uc(5), 
 Auto vars:     Size  Location     Type
  qmsg            2    9[BANK1 ] PTR struct __msg
		 -> FromMainLow_MQ.queue(52), FromMainHigh_MQ.queue(52), ToMainHigh_MQ.queue(52), ToMainLow_MQ.queue(52), 
		 -> FromMainHigh_MQ(54), FromMainLow_MQ(54), ToMainHigh_MQ(54), ToMainLow_MQ(54), 
  tlength         2    6[BANK1 ] unsigned int 
  slot            1    8[BANK1 ] unsigned char 
 Return value:  Size  Location     Type
                  1    wreg      char 
 Registers used:
		wreg, fsr1l, fsr1h, fsr2l, fsr2h, status,2, status,0, prodl, prodh, cstack
 Tracked objects:
		On entry : 
		On exit  : 
		Unchanged: 
 Data sizes:     COMRAM   BANK0   BANK1   BANK2   BANK3
      Params:         0       0       6       0       0
      Locals:         0       0       5       0       0
      Temps:          0       1       0       0       0
      Totals:         0       1      11       0       0
Total ram usage:       12 bytes
 Hardware stack levels used:    1
 Hardware stack levels required when called:   11
 This function calls:
		_memcpy
 This function is called by:
		_FromMainHigh_sendmsg
		_FromMainLow_sendmsg
 This function uses a non-reentrant model


 *************** function _timer0_lthread *****************
 Defined at:
		line 9 in file "../src/timer0_thread.c"
 Parameters:    Size  Location     Type
  tptr            2   30[BANK0 ] PTR struct __timer0_thre
		 -> main@t0thread_data(2), 
  msgtype         2   32[BANK0 ] int 
  length          2   34[BANK0 ] int 
  msgbuffer       2   36[BANK0 ] PTR unsigned char 
		 -> main@msgbuffer(11), 
 Auto vars:     Size  Location     Type
  msgval          2   38[BANK0 ] PTR unsigned int 
		 -> main@msgbuffer(11), 
 Return value:  Size  Location     Type
                  2   30[BANK0 ] int 
 Registers used:
		wreg, status,2, status,0
 Tracked objects:
		On entry : 
		On exit  : 
		Unchanged: 
 Data sizes:     COMRAM   BANK0   BANK1   BANK2   BANK3
      Params:         0       8       0       0       0
      Locals:         0       2       0       0       0
      Temps:          0       0       0       0       0
      Totals:         0      10       0       0       0
Total ram usage:       10 bytes
 Hardware stack levels used:    1
 Hardware stack levels required when called:   10
 This function calls:
		Nothing
 This function is called by:
		_main
 This function uses a non-reentrant model


 *************** function _start_i2c_slave_reply *****************
 Defined at:
		line 53 in file "../src/my_i2c.c"
 Parameters:    Size  Location     Type
  length          1    wreg     unsigned char 
  msg             2   30[BANK0 ] PTR unsigned char 
		 -> main@msgbuffer(11), adcbuffer(10), 
 Auto vars:     Size  Location     Type
  length          1   34[BANK0 ] unsigned char 
 Return value:  Size  Location     Type
		None               void
 Registers used:
		wreg, fsr1l, fsr1h, fsr2l, fsr2h, status,2, status,0, prodl, prodh
 Tracked objects:
		On entry : 
		On exit  : 
		Unchanged: 
 Data sizes:     COMRAM   BANK0   BANK1   BANK2   BANK3
      Params:         0       2       0       0       0
      Locals:         0       1       0       0       0
      Temps:          0       2       0       0       0
      Totals:         0       5       0       0       0
Total ram usage:        5 bytes
 Hardware stack levels used:    1
 Hardware stack levels required when called:   10
 This function calls:
		Nothing
 This function is called by:
		_main
 This function uses a non-reentrant model


 *************** function _init_uart_recv *****************
 Defined at:
		line 49 in file "../src/my_uart.c"
 Parameters:    Size  Location     Type
  uc              2   30[BANK0 ] PTR struct __uart_comm
		 -> main@uc(5), 
 Auto vars:     Size  Location     Type
		None
 Return value:  Size  Location     Type
		None               void
 Registers used:
		wreg, fsr2l, fsr2h, status,2, status,0
 Tracked objects:
		On entry : 
		On exit  : 
		Unchanged: 
 Data sizes:     COMRAM   BANK0   BANK1   BANK2   BANK3
      Params:         0       2       0       0       0
      Locals:         0       0       0       0       0
      Temps:          0       0       0       0       0
      Totals:         0       2       0       0       0
Total ram usage:        2 bytes
 Hardware stack levels used:    1
 Hardware stack levels required when called:   10
 This function calls:
		Nothing
 This function is called by:
		_main
 This function uses a non-reentrant model


 *************** function _init_timer1_lthread *****************
 Defined at:
		line 6 in file "../src/timer1_thread.c"
 Parameters:    Size  Location     Type
  tptr            2   30[BANK0 ] PTR struct __timer1_thre
		 -> main@t1thread_data(2), 
 Auto vars:     Size  Location     Type
		None
 Return value:  Size  Location     Type
		None               void
 Registers used:
		wreg, fsr2l, fsr2h
 Tracked objects:
		On entry : 
		On exit  : 
		Unchanged: 
 Data sizes:     COMRAM   BANK0   BANK1   BANK2   BANK3
      Params:         0       2       0       0       0
      Locals:         0       0       0       0       0
      Temps:          0       0       0       0       0
      Totals:         0       2       0       0       0
Total ram usage:        2 bytes
 Hardware stack levels used:    1
 Hardware stack levels required when called:   10
 This function calls:
		Nothing
 This function is called by:
		_main
 This function uses a non-reentrant model


 *************** function _init_queues *****************
 Defined at:
		line 194 in file "../src/messages.c"
 Parameters:    Size  Location     Type
		None
 Auto vars:     Size  Location     Type
		None
 Return value:  Size  Location     Type
		None               void
 Registers used:
		wreg, fsr2l, fsr2h, status,2, status,0, prodl, prodh, cstack
 Tracked objects:
		On entry : 
		On exit  : 
		Unchanged: 
 Data sizes:     COMRAM   BANK0   BANK1   BANK2   BANK3
      Params:         0       0       0       0       0
      Locals:         0       0       0       0       0
      Temps:          0       1       0       0       0
      Totals:         0       1       0       0       0
Total ram usage:        1 bytes
 Hardware stack levels used:    1
 Hardware stack levels required when called:   11
 This function calls:
		_init_queue
 This function is called by:
		_main
 This function uses a non-reentrant model


 *************** function _init_queue *****************
 Defined at:
		line 14 in file "../src/messages.c"
 Parameters:    Size  Location     Type
  qptr            2   30[BANK0 ] PTR struct __msg_queue
		 -> FromMainHigh_MQ(54), FromMainLow_MQ(54), ToMainHigh_MQ(54), ToMainLow_MQ(54), 
 Auto vars:     Size  Location     Type
  i               1   33[BANK0 ] unsigned char 
 Return value:  Size  Location     Type
		None               void
 Registers used:
		wreg, fsr2l, fsr2h, status,2, status,0, prodl, prodh
 Tracked objects:
		On entry : 
		On exit  : 
		Unchanged: 
 Data sizes:     COMRAM   BANK0   BANK1   BANK2   BANK3
      Params:         0       2       0       0       0
      Locals:         0       1       0       0       0
      Temps:          0       1       0       0       0
      Totals:         0       4       0       0       0
Total ram usage:        4 bytes
 Hardware stack levels used:    1
 Hardware stack levels required when called:   10
 This function calls:
		Nothing
 This function is called by:
		_init_queues
 This function uses a non-reentrant model


 *************** function _init_i2c *****************
 Defined at:
		line 275 in file "../src/my_i2c.c"
 Parameters:    Size  Location     Type
  ic              2   30[BANK0 ] PTR struct __i2c_comm
		 -> main@ic(28), 
 Auto vars:     Size  Location     Type
		None
 Return value:  Size  Location     Type
		None               void
 Registers used:
		wreg, fsr2l, fsr2h, status,2, status,0
 Tracked objects:
		On entry : 
		On exit  : 
		Unchanged: 
 Data sizes:     COMRAM   BANK0   BANK1   BANK2   BANK3
      Params:         0       2       0       0       0
      Locals:         0       0       0       0       0
      Temps:          0       0       0       0       0
      Totals:         0       2       0       0       0
Total ram usage:        2 bytes
 Hardware stack levels used:    1
 Hardware stack levels required when called:   10
 This function calls:
		Nothing
 This function is called by:
		_main
 This function uses a non-reentrant model


 *************** function _i2c_configure_slave *****************
 Defined at:
		line 286 in file "../src/my_i2c.c"
 Parameters:    Size  Location     Type
  addr            1    wreg     unsigned char 
 Auto vars:     Size  Location     Type
  addr            1   30[BANK0 ] unsigned char 
 Return value:  Size  Location     Type
		None               void
 Registers used:
		wreg, status,2, status,0
 Tracked objects:
		On entry : 
		On exit  : 
		Unchanged: 
 Data sizes:     COMRAM   BANK0   BANK1   BANK2   BANK3
      Params:         0       0       0       0       0
      Locals:         0       1       0       0       0
      Temps:          0       0       0       0       0
      Totals:         0       1       0       0       0
Total ram usage:        1 bytes
 Hardware stack levels used:    1
 Hardware stack levels required when called:   10
 This function calls:
		Nothing
 This function is called by:
		_main
 This function uses a non-reentrant model


 *************** function _enable_interrupts *****************
 Defined at:
		line 16 in file "../src/interrupts.c"
 Parameters:    Size  Location     Type
		None
 Auto vars:     Size  Location     Type
		None
 Return value:  Size  Location     Type
		None               void
 Registers used:
		None
 Tracked objects:
		On entry : 
		On exit  : 
		Unchanged: 
 Data sizes:     COMRAM   BANK0   BANK1   BANK2   BANK3
      Params:         0       0       0       0       0
      Locals:         0       0       0       0       0
      Temps:          0       0       0       0       0
      Totals:         0       0       0       0       0
Total ram usage:        0 bytes
 Hardware stack levels used:    1
 Hardware stack levels required when called:   10
 This function calls:
		Nothing
 This function is called by:
		_main
 This function uses a non-reentrant model


 *************** function _block_on_To_msgqueues *****************
 Defined at:
		line 258 in file "../src/messages.c"
 Parameters:    Size  Location     Type
		None
 Auto vars:     Size  Location     Type
		None
 Return value:  Size  Location     Type
		None               void
 Registers used:
		wreg, fsr2l, fsr2h, status,2, status,0, prodl, prodh, cstack
 Tracked objects:
		On entry : 
		On exit  : 
		Unchanged: 
 Data sizes:     COMRAM   BANK0   BANK1   BANK2   BANK3
      Params:         0       0       0       0       0
      Locals:         0       0       0       0       0
      Temps:          0       1       0       0       0
      Totals:         0       1       0       0       0
Total ram usage:        1 bytes
 Hardware stack levels used:    1
 Hardware stack levels required when called:   13
 This function calls:
		_Delay1KTCYx
		_check_msg
		_in_main
 This function is called by:
		_main
 This function uses a non-reentrant model


 *************** function _in_main *****************
 Defined at:
		line 42 in file "../src/interrupts.c"
 Parameters:    Size  Location     Type
		None
 Auto vars:     Size  Location     Type
		None
 Return value:  Size  Location     Type
                  2   34[BANK0 ] int 
 Registers used:
		wreg, status,2, status,0, cstack
 Tracked objects:
		On entry : 
		On exit  : 
		Unchanged: 
 Data sizes:     COMRAM   BANK0   BANK1   BANK2   BANK3
      Params:         0       2       0       0       0
      Locals:         0       0       0       0       0
      Temps:          0       0       0       0       0
      Totals:         0       2       0       0       0
Total ram usage:        2 bytes
 Hardware stack levels used:    1
 Hardware stack levels required when called:   12
 This function calls:
		_in_high_int
		_in_low_int
 This function is called by:
		_block_on_To_msgqueues
 This function uses a non-reentrant model


 *************** function _in_low_int *****************
 Defined at:
		line 32 in file "../src/interrupts.c"
 Parameters:    Size  Location     Type
		None
 Auto vars:     Size  Location     Type
		None
 Return value:  Size  Location     Type
                  2   32[BANK0 ] int 
 Registers used:
		wreg, status,2, status,0, cstack
 Tracked objects:
		On entry : 
		On exit  : 
		Unchanged: 
 Data sizes:     COMRAM   BANK0   BANK1   BANK2   BANK3
      Params:         0       2       0       0       0
      Locals:         0       0       0       0       0
      Temps:          0       0       0       0       0
      Totals:         0       2       0       0       0
Total ram usage:        2 bytes
 Hardware stack levels used:    1
 Hardware stack levels required when called:   11
 This function calls:
		_in_high_int
 This function is called by:
		_in_main
 This function uses a non-reentrant model


 *************** function _in_high_int *****************
 Defined at:
		line 24 in file "../src/interrupts.c"
 Parameters:    Size  Location     Type
		None
 Auto vars:     Size  Location     Type
		None
 Return value:  Size  Location     Type
                  2   30[BANK0 ] int 
 Registers used:
		wreg, status,2
 Tracked objects:
		On entry : 
		On exit  : 
		Unchanged: 
 Data sizes:     COMRAM   BANK0   BANK1   BANK2   BANK3
      Params:         0       2       0       0       0
      Locals:         0       0       0       0       0
      Temps:          0       0       0       0       0
      Totals:         0       2       0       0       0
Total ram usage:        2 bytes
 Hardware stack levels used:    1
 Hardware stack levels required when called:   10
 This function calls:
		Nothing
 This function is called by:
		_in_low_int
		_in_main
 This function uses a non-reentrant model


 *************** function _check_msg *****************
 Defined at:
		line 222 in file "../src/messages.c"
 Parameters:    Size  Location     Type
  qptr            2   30[BANK0 ] PTR struct __msg_queue
		 -> ToMainHigh_MQ(54), ToMainLow_MQ(54), 
 Auto vars:     Size  Location     Type
		None
 Return value:  Size  Location     Type
                  1    wreg      unsigned char 
 Registers used:
		wreg, fsr2l, fsr2h, status,2, status,0, prodl, prodh
 Tracked objects:
		On entry : 
		On exit  : 
		Unchanged: 
 Data sizes:     COMRAM   BANK0   BANK1   BANK2   BANK3
      Params:         0       2       0       0       0
      Locals:         0       0       0       0       0
      Temps:          0       1       0       0       0
      Totals:         0       3       0       0       0
Total ram usage:        3 bytes
 Hardware stack levels used:    1
 Hardware stack levels required when called:   10
 This function calls:
		Nothing
 This function is called by:
		_block_on_To_msgqueues
 This function uses a non-reentrant model


 *************** function _Delay1KTCYx *****************
 Defined at:
		line 8 in file "C:\Program Files (x86)\Microchip\xc8\v1.30\sources\pic18\d1ktcyx.c"
 Parameters:    Size  Location     Type
  unit            1    wreg     unsigned char 
 Auto vars:     Size  Location     Type
  unit            1   30[BANK0 ] unsigned char 
 Return value:  Size  Location     Type
		None               void
 Registers used:
		wreg
 Tracked objects:
		On entry : 
		On exit  : 
		Unchanged: 
 Data sizes:     COMRAM   BANK0   BANK1   BANK2   BANK3
      Params:         0       0       0       0       0
      Locals:         0       1       0       0       0
      Temps:          0       0       0       0       0
      Totals:         0       1       0       0       0
Total ram usage:        1 bytes
 Hardware stack levels used:    1
 Hardware stack levels required when called:   10
 This function calls:
		Nothing
 This function is called by:
		_block_on_To_msgqueues
 This function uses a non-reentrant model


 *************** function _ToMainLow_recvmsg *****************
 Defined at:
		line 112 in file "../src/messages.c"
 Parameters:    Size  Location     Type
  maxlength       1    wreg     unsigned char 
  msgtype         2   12[BANK1 ] PTR unsigned char 
		 -> main@msgtype(1), 
  data            2   14[BANK1 ] PTR void 
		 -> main@msgbuffer(11), 
 Auto vars:     Size  Location     Type
  maxlength       1   16[BANK1 ] unsigned char 
 Return value:  Size  Location     Type
                  1    wreg      char 
 Registers used:
		wreg, fsr1l, fsr1h, fsr2l, fsr2h, status,2, status,0, prodl, prodh, cstack
 Tracked objects:
		On entry : 
		On exit  : 
		Unchanged: 
 Data sizes:     COMRAM   BANK0   BANK1   BANK2   BANK3
      Params:         0       0       4       0       0
      Locals:         0       0       1       0       0
      Temps:          0       0       0       0       0
      Totals:         0       0       5       0       0
Total ram usage:        5 bytes
 Hardware stack levels used:    1
 Hardware stack levels required when called:   12
 This function calls:
		_recv_msg
 This function is called by:
		_main
 This function uses a non-reentrant model


 *************** function _ToMainHigh_recvmsg *****************
 Defined at:
		line 135 in file "../src/messages.c"
 Parameters:    Size  Location     Type
  maxlength       1    wreg     unsigned char 
  msgtype         2   12[BANK1 ] PTR unsigned char 
		 -> main@msgtype(1), 
  data            2   14[BANK1 ] PTR void 
		 -> main@msgbuffer(11), 
 Auto vars:     Size  Location     Type
  maxlength       1   16[BANK1 ] unsigned char 
 Return value:  Size  Location     Type
                  1    wreg      char 
 Registers used:
		wreg, fsr1l, fsr1h, fsr2l, fsr2h, status,2, status,0, prodl, prodh, cstack
 Tracked objects:
		On entry : 
		On exit  : 
		Unchanged: 
 Data sizes:     COMRAM   BANK0   BANK1   BANK2   BANK3
      Params:         0       0       4       0       0
      Locals:         0       0       1       0       0
      Temps:          0       0       0       0       0
      Totals:         0       0       5       0       0
Total ram usage:        5 bytes
 Hardware stack levels used:    1
 Hardware stack levels required when called:   12
 This function calls:
		_recv_msg
 This function is called by:
		_main
 This function uses a non-reentrant model


 *************** function _recv_msg *****************
 Defined at:
		line 63 in file "../src/messages.c"
 Parameters:    Size  Location     Type
  qptr            2    0[BANK1 ] PTR struct __msg_queue
		 -> FromMainHigh_MQ(54), FromMainLow_MQ(54), ToMainHigh_MQ(54), ToMainLow_MQ(54), 
  maxlength       1    2[BANK1 ] unsigned char 
  msgtype         2    3[BANK1 ] PTR unsigned char 
		 -> main@msgtype(1), 
  data            2    5[BANK1 ] PTR void 
		 -> main@msgbuffer(11), 
 Auto vars:     Size  Location     Type
  qmsg            2   10[BANK1 ] PTR struct __msg
		 -> FromMainLow_MQ.queue(52), FromMainHigh_MQ.queue(52), ToMainHigh_MQ.queue(52), ToMainLow_MQ.queue(52), 
		 -> FromMainHigh_MQ(54), FromMainLow_MQ(54), ToMainHigh_MQ(54), ToMainLow_MQ(54), 
  tlength         2    8[BANK1 ] unsigned int 
  slot            1    7[BANK1 ] unsigned char 
 Return value:  Size  Location     Type
                  1    wreg      char 
 Registers used:
		wreg, fsr1l, fsr1h, fsr2l, fsr2h, status,2, status,0, prodl, prodh, cstack
 Tracked objects:
		On entry : 
		On exit  : 
		Unchanged: 
 Data sizes:     COMRAM   BANK0   BANK1   BANK2   BANK3
      Params:         0       0       7       0       0
      Locals:         0       0       5       0       0
      Temps:          0       2       0       0       0
      Totals:         0       2      12       0       0
Total ram usage:       14 bytes
 Hardware stack levels used:    1
 Hardware stack levels required when called:   11
 This function calls:
		_memcpy
 This function is called by:
		_ToMainLow_recvmsg
		_ToMainHigh_recvmsg
		_FromMainLow_recvmsg
		_FromMainHigh_recvmsg
 This function uses a non-reentrant model


[...]
		_timer0_int_handler
 This function uses a non-reentrant model


 *************** function _WriteTimer0 *****************
 Defined at:
		line 16 in file "C:\Program Files (x86)\Microchip\xc8\v1.30\sources\pic18\plib\Timers\t0write.c"
 Parameters:    Size  Location     Type
  timer0          2   44[COMRAM] unsigned int 
 Auto vars:     Size  Location     Type
  timer           2   46[COMRAM] struct Timers
 Return value:  Size  Location     Type
		None               void
 Registers used:
		None
 Tracked objects:
		On entry : 
		On exit  : 
		Unchanged: 
 Data sizes:     COMRAM   BANK0   BANK1   BANK2   BANK3
      Params:         2       0       0       0       0
      Locals:         2       0       0       0       0
      Temps:          0       0       0       0       0
      Totals:         4       0       0       0       0
Total ram usage:        4 bytes
 Hardware stack levels used:    1
 This function calls:
		Nothing
 This function is called by:
		_timer0_int_handler
 This function uses a non-reentrant model


 *************** function _i2c_int_handler *****************
 Defined at:
		line 100 in file "../src/my_i2c.c"
 Parameters:    Size  Location     Type
  adcbuffer       2    1[BANK0 ] PTR unsigned char 
		 -> adcbuffer(10), 
 Auto vars:     Size  Location     Type
  length          2    5[BANK0 ] int 
  error_buf       3    7[BANK0 ] unsigned char [3]
  data_read       1   15[BANK0 ] unsigned char 
  msg_ready       1   14[BANK0 ] unsigned char 
  msg_to_send     1   13[BANK0 ] unsigned char 
  i2c_data        1   12[BANK0 ] unsigned char 
  overrun_erro    1   11[BANK0 ] unsigned char 
  data_written    1   10[BANK0 ] unsigned char 
 Return value:  Size  Location     Type
		None               void
 Registers used:
		wreg, fsr1l, fsr1h, fsr2l, fsr2h, status,2, status,0, prodl, prodh, cstack
 Tracked objects:
		On entry : 
		On exit  : 
		Unchanged: 
 Data sizes:     COMRAM   BANK0   BANK1   BANK2   BANK3
      Params:         0       2       0       0       0
      Locals:         0      11       0       0       0
      Temps:          0       2       0       0       0
      Totals:         0      15       0       0       0
Total ram usage:       15 bytes
 Hardware stack levels used:    1
 Hardware stack levels required when called:    3
 This function calls:
		_ToMainHigh_sendmsg
		_handle_start
		i2_start_i2c_slave_reply
 This function is called by:
		_InterruptHandlerHigh
 This function uses a non-reentrant model


 *************** function i2_start_i2c_slave_reply *****************
 Defined at:
		line 53 in file "../src/my_i2c.c"
 Parameters:    Size  Location     Type
  length          1    wreg     unsigned char 
  msg             2   44[COMRAM] PTR unsigned char 
		 -> main@msgbuffer(11), adcbuffer(10), 
 Auto vars:     Size  Location     Type
  length          1   48[COMRAM] unsigned char 
 Return value:  Size  Location     Type
		None               void
 Registers used:
		wreg, fsr1l, fsr1h, fsr2l, fsr2h, status,2, status,0, prodl, prodh
 Tracked objects:
		On entry : 
		On exit  : 
		Unchanged: 
 Data sizes:     COMRAM   BANK0   BANK1   BANK2   BANK3
      Params:         2       0       0       0       0
      Locals:         1       0       0       0       0
      Temps:          2       0       0       0       0
      Totals:         5       0       0       0       0
Total ram usage:        5 bytes
 Hardware stack levels used:    1
 This function calls:
		Nothing
 This function is called by:
		_i2c_int_handler
 This function uses a non-reentrant model


 *************** function _handle_start *****************
 Defined at:
		line 71 in file "../src/my_i2c.c"
 Parameters:    Size  Location     Type
  data_read       1    wreg     unsigned char 
 Auto vars:     Size  Location     Type
  data_read       1   44[COMRAM] unsigned char 
 Return value:  Size  Location     Type
		None               void
 Registers used:
		wreg, fsr2l, fsr2h, status,2, status,0
 Tracked objects:
		On entry : 
		On exit  : 
		Unchanged: 
 Data sizes:     COMRAM   BANK0   BANK1   BANK2   BANK3
      Params:         0       0       0       0       0
      Locals:         1       0       0       0       0
      Temps:          0       0       0       0       0
      Totals:         1       0       0       0       0
Total ram usage:        1 bytes
 Hardware stack levels used:    1
 This function calls:
		Nothing
 This function is called by:
		_i2c_int_handler
 This function uses a non-reentrant model


 *************** function _ToMainHigh_sendmsg *****************
 Defined at:
		line 126 in file "../src/messages.c"
 Parameters:    Size  Location     Type
  length          1    wreg     unsigned char 
  msgtype         1   66[COMRAM] unsigned char 
  data            2   67[COMRAM] PTR void 
		 -> NULL(0), i2c_int_handler@error_buf(3), main@ic(28), 
 Auto vars:     Size  Location     Type
  length          1    0[BANK0 ] unsigned char 
 Return value:  Size  Location     Type
                  1    wreg      char 
 Registers used:
		wreg, fsr1l, fsr1h, fsr2l, fsr2h, status,2, status,0, prodl, prodh, cstack
 Tracked objects:
		On entry : 
		On exit  : 
		Unchanged: 
 Data sizes:     COMRAM   BANK0   BANK1   BANK2   BANK3
      Params:         3       0       0       0       0
      Locals:         0       1       0       0       0
      Temps:          0       0       0       0       0
      Totals:         3       1       0       0       0
Total ram usage:        4 bytes
 Hardware stack levels used:    1
 Hardware stack levels required when called:    2
 This function calls:
		i2_send_msg
 This function is called by:
		_i2c_int_handler
 This function uses a non-reentrant model


 *************** function i2_send_msg *****************
 Defined at:
		line 24 in file "../src/messages.c"
 Parameters:    Size  Location     Type
  qptr            2   54[COMRAM] PTR struct __msg_queue
		 -> FromMainHigh_MQ(54), FromMainLow_MQ(54), ToMainHigh_MQ(54), ToMainLow_MQ(54), 
  length          1   56[COMRAM] unsigned char 
  msgtype         1   57[COMRAM] unsigned char 
  data            2   58[COMRAM] PTR void 
		 -> NULL(0), i2c_int_handler@error_buf(3), main@t1thread_data(2), main@ic(28), 
		 -> main@uc(5), 
 Auto vars:     Size  Location     Type
  send_msg        2   64[COMRAM] PTR struct __msg
		 -> FromMainLow_MQ.queue(52), FromMainHigh_MQ.queue(52), ToMainHigh_MQ.queue(52), ToMainLow_MQ.queue(52), 
		 -> FromMainHigh_MQ(54), FromMainLow_MQ(54), ToMainHigh_MQ(54), ToMainLow_MQ(54), 
  send_msg        2   61[COMRAM] unsigned int 
  send_msg        1   63[COMRAM] unsigned char 
 Return value:  Size  Location     Type
                  1    wreg      char 
 Registers used:
		wreg, fsr1l, fsr1h, fsr2l, fsr2h, status,2, status,0, prodl, prodh, cstack
 Tracked objects:
		On entry : 
		On exit  : 
		Unchanged: 
 Data sizes:     COMRAM   BANK0   BANK1   BANK2   BANK3
      Params:         6       0       0       0       0
      Locals:         5       0       0       0       0
      Temps:          1       0       0       0       0
      Totals:        12       0       0       0       0
Total ram usage:       12 bytes
 Hardware stack levels used:    1
 Hardware stack levels required when called:    1
 This function calls:
		i2_memcpy
 This function is called by:
		_ToMainHigh_sendmsg
 This function uses a non-reentrant model


 *************** function i2_memcpy *****************
 Defined at:
		line 11 in file "C:\Program Files (x86)\Microchip\xc8\v1.30\sources\common\memcpy.c"
 Parameters:    Size  Location     Type
  d1              2   44[COMRAM] PTR void 
		 -> FromMainLow_MQ.queue(52), FromMainHigh_MQ.queue(52), ToMainHigh_MQ.queue(52), ToMainLow_MQ.queue(52), 
		 -> FromMainHigh_MQ(54), FromMainLow_MQ(54), ToMainHigh_MQ(54), ToMainLow_MQ(54), 
		 -> main@msgbuffer(11), 
  s1              2   46[COMRAM] PTR const void 
		 -> ToMainLow_MQ.data(10), ToMainHigh_MQ.data(10), FromMainLow_MQ.data(10), FromMainHigh_MQ.data(10), 
		 -> ToMainLow_MQ.queue.data(10), ToMainHigh_MQ.queue.data(10), FromMainHigh_MQ.queue.data(10), FromMainLow_MQ.queue.data(10), 
		 -> NULL(0), i2c_int_handler@error_buf(3), FromMainHigh_MQ(54), FromMainLow_MQ(54), 
		 -> ToMainHigh_MQ(54), ToMainLow_MQ(54), main@t1thread_data(2), main@ic(28), 
		 -> main@uc(5), 
  n               2   48[COMRAM] unsigned int 
 Auto vars:     Size  Location     Type
  memcpy          2   52[COMRAM] PTR const unsigned char 
		 -> ToMainLow_MQ.data(10), ToMainHigh_MQ.data(10), FromMainLow_MQ.data(10), FromMainHigh_MQ.data(10), 
		 -> ToMainLow_MQ.queue.data(10), ToMainHigh_MQ.queue.data(10), FromMainHigh_MQ.queue.data(10), FromMainLow_MQ.queue.data(10), 
		 -> NULL(0), i2c_int_handler@error_buf(3), FromMainHigh_MQ(54), FromMainLow_MQ(54), 
		 -> ToMainHigh_MQ(54), ToMainLow_MQ(54), main@t1thread_data(2), main@ic(28), 
		 -> main@uc(5), 
  memcpy          2   50[COMRAM] PTR unsigned char 
		 -> FromMainLow_MQ.queue(52), FromMainHigh_MQ.queue(52), ToMainHigh_MQ.queue(52), ToMainLow_MQ.queue(52), 
		 -> FromMainHigh_MQ(54), FromMainLow_MQ(54), ToMainHigh_MQ(54), ToMainLow_MQ(54), 
		 -> main@msgbuffer(11), 
 Return value:  Size  Location     Type
                  2   44[COMRAM] PTR void 
 Registers used:
		wreg, fsr1l, fsr1h, fsr2l, fsr2h, status,2, status,0
 Tracked objects:
		On entry : 
		On exit  : 
		Unchanged: 
 Data sizes:     COMRAM   BANK0   BANK1   BANK2   BANK3
      Params:         6       0       0       0       0
      Locals:         4       0       0       0       0
      Temps:          0       0       0       0       0
      Totals:        10       0       0       0       0
Total ram usage:       10 bytes
 Hardware stack levels used:    1
 This function calls:
		Nothing
 This function is called by:
		i2_send_msg
 This function uses a non-reentrant model


 *************** function _SleepIfOkay *****************
 Defined at:
		line 228 in file "../src/messages.c"
 Parameters:    Size  Location     Type
		None
 Auto vars:     Size  Location     Type
		None
 Return value:  Size  Location     Type
		None               void
 Registers used:
		wreg, fsr2l, fsr2h, status,2, status,0, prodl, prodh, cstack
 Tracked objects:
		On entry : 
		On exit  : 
		Unchanged: 
 Data sizes:     COMRAM   BANK0   BANK1   BANK2   BANK3
      Params:         0       0       0       0       0
      Locals:         0       0       0       0       0
      Temps:          0       0       0       0       0
      Totals:         0       0       0       0       0
Total ram usage:        0 bytes
 Hardware stack levels used:    1
 Hardware stack levels required when called:    2
 This function calls:
		_enter_sleep_mode
		i2_check_msg
		i2_in_high_int
		i2_in_low_int
 This function is called by:
		_InterruptHandlerHigh
 This function uses a non-reentrant model


 *************** function i2_in_low_int *****************
 Defined at:
		line 32 in file "../src/interrupts.c"
 Parameters:    Size  Location     Type
		None
 Auto vars:     Size  Location     Type
		None
 Return value:  Size  Location     Type
                  2   46[COMRAM] int 
 Registers used:
		wreg, status,2, status,0, cstack
 Tracked objects:
		On entry : 
		On exit  : 
		Unchanged: 
 Data sizes:     COMRAM   BANK0   BANK1   BANK2   BANK3
      Params:         2       0       0       0       0
      Locals:         0       0       0       0       0
      Temps:          0       0       0       0       0
      Totals:         2       0       0       0       0
Total ram usage:        2 bytes
 Hardware stack levels used:    1
 Hardware stack levels required when called:    1
 This function calls:
		i2_in_high_int
 This function is called by:
		_SleepIfOkay
 This function uses a non-reentrant model


 *************** function i2_in_high_int *****************
 Defined at:
		line 24 in file "../src/interrupts.c"
 Parameters:    Size  Location     Type
		None
 Auto vars:     Size  Location     Type
		None
 Return value:  Size  Location     Type
                  2   44[COMRAM] int 
 Registers used:
		wreg, status,2
 Tracked objects:
		On entry : 
		On exit  : 
		Unchanged: 
 Data sizes:     COMRAM   BANK0   BANK1   BANK2   BANK3
      Params:         2       0       0       0       0
      Locals:         0       0       0       0       0
      Temps:          0       0       0       0       0
      Totals:         2       0       0       0       0
Total ram usage:        2 bytes
 Hardware stack levels used:    1
 This function calls:
		Nothing
 This function is called by:
		_SleepIfOkay
		i2_in_low_int
 This function uses a non-reentrant model


 *************** function i2_check_msg *****************
 Defined at:
		line 222 in file "../src/messages.c"
 Parameters:    Size  Location     Type
  qptr            2   44[COMRAM] PTR struct __msg_queue
		 -> ToMainHigh_MQ(54), ToMainLow_MQ(54), 
 Auto vars:     Size  Location     Type
		None
 Return value:  Size  Location     Type
                  1    wreg      unsigned char 
 Registers used:
		wreg, fsr2l, fsr2h, status,2, status,0, prodl, prodh
 Tracked objects:
		On entry : 
		On exit  : 
		Unchanged: 
 Data sizes:     COMRAM   BANK0   BANK1   BANK2   BANK3
      Params:         2       0       0       0       0
      Locals:         0       0       0       0       0
      Temps:          1       0       0       0       0
      Totals:         3       0       0       0       0
Total ram usage:        3 bytes
 Hardware stack levels used:    1
 This function calls:
		Nothing
 This function is called by:
		_SleepIfOkay
 This function uses a non-reentrant model


 *************** function _enter_sleep_mode *****************
 Defined at:
		line 202 in file "../src/messages.c"
 Parameters:    Size  Location     Type
		None
 Auto vars:     Size  Location     Type
		None
 Return value:  Size  Location     Type
		None               void
 Registers used:
		None
 Tracked objects:
		On entry : 
		On exit  : 
		Unchanged: 
 Data sizes:     COMRAM   BANK0   BANK1   BANK2   BANK3
      Params:         0       0       0       0       0
      Locals:         0       0       0       0       0
      Temps:          0       0       0       0       0
      Totals:         0       0       0       0       0
Total ram usage:        0 bytes
 Hardware stack levels used:    1
 This function calls:
		Nothing
 This function is called by:
		_SleepIfOkay
 This function uses a non-reentrant model



MODULE INFORMATION

Module		Function		Class		Link	Load	Size
C:\Program Files (x86)\Microchip\xc8\v1.30\sources\pic18\plib\Timers\t0write.c
		_WriteTimer0   		CODE           	1B66	0000	18

C:\Program Files (x86)\Microchip\xc8\v1.30\sources\pic18\plib\Timers\t0write.c estimated size: 18

C:\Program Files (x86)\Microchip\xc8\v1.30\sources\pic18\plib\Timers\t1write.c
		_WriteTimer1   		CODE           	1B54	0000	18

C:\Program Files (x86)\Microchip\xc8\v1.30\sources\pic18\plib\Timers\t1write.c estimated size: 18

../src/user_interrupts.c
		_timer0_int_han		CODE           	0F4E	0000	180
		_timer1_int_han		CODE           	1B78	0000	14

../src/user_interrupts.c estimated size: 194

C:\Program Files (x86)\Microchip\xc8\v1.30\sources\pic18\plib\ADC\adcopen.c
		_OpenADC       		CODE           	13AC	0000	132

C:\Program Files (x86)\Microchip\xc8\v1.30\sources\pic18\plib\ADC\adcopen.c estimated size: 132

../src/timer0_thread.c
		_timer0_lthread		CODE           	1B1E	0000	18

../src/timer0_thread.c estimated size: 18

shared
		i1_send_msg    		CODE           	1002	0000	170
		i2_send_msg    		CODE           	10AC	0000	170
		i2_ConvertADC  		CODE           	1BBC	0000	4
		i2_in_high_int 		CODE           	1B9E	0000	12
		__initializatio		CODE           	198E	0000	36
		i2_in_low_int  		CODE           	19BC	0000	46
		i2_BusyADC     		CODE           	1B92	0000	12
		i2_start_i2c_sl		CODE           	0D92	0000	244
		i1_memcpy      		CODE           	182C	0000	64
		i2_memcpy      		CODE           	186C	0000	64
		i2_check_msg   		CODE           	1A88	0000	36

shared estimated size: 858

../src/timer1_thread.c
		_timer1_lthread		CODE           	1528	0000	114
		_init_timer1_lt		CODE           	1B30	0000	18

../src/timer1_thread.c estimated size: 132

../src/my_i2c.c
		_start_i2c_slav		CODE           	0B80	0000	270
		_handle_start  		CODE           	0E86	0000	200
		_i2c_configure_		CODE           	1A14	0000	40
		_init_i2c      		CODE           	1608	0000	106
		_i2c_int_handle		CODE           	00C2	0000	1644

../src/my_i2c.c estimated size: 2260

C:\Program Files (x86)\Microchip\xc8\v1.30\sources\pic18\plib\ADC\adcbusy.c
		_BusyADC       		CODE           	1B86	0000	12

C:\Program Files (x86)\Microchip\xc8\v1.30\sources\pic18\plib\ADC\adcbusy.c estimated size: 12

C:\Program Files (x86)\Microchip\xc8\v1.30\sources\pic18\plib\USART\uread.c
		_ReadUSART     		CODE           	1AEA	0000	30

C:\Program Files (x86)\Microchip\xc8\v1.30\sources\pic18\plib\USART\uread.c estimated size: 30

C:\Program Files (x86)\Microchip\xc8\v1.30\sources\pic18\plib\Timers\t0open.c
		_OpenTimer0    		CODE           	19EA	0000	42

C:\Program Files (x86)\Microchip\xc8\v1.30\sources\pic18\plib\Timers\t0open.c estimated size: 42

C:\Program Files (x86)\Microchip\xc8\v1.30\sources\pic18\plib\Timers\t1open.c
		_OpenTimer1    		CODE           	18EA	0000	56

C:\Program Files (x86)\Microchip\xc8\v1.30\sources\pic18\plib\Timers\t1open.c estimated size: 56

../src/uart_thread.c
		_uart_lthread  		CODE           	18AC	0000	62

../src/uart_thread.c estimated size: 62

C:\Program Files (x86)\Microchip\xc8\v1.30\sources\pic18\plib\ADC\adcconv.c
		_ConvertADC    		CODE           	1BB8	0000	4

C:\Program Files (x86)\Microchip\xc8\v1.30\sources\pic18\plib\ADC\adcconv.c estimated size: 4

C:\Program Files (x86)\Microchip\xc8\v1.30\sources\pic18\d1ktcyx.c
		_Delay1KTCYx   		CODE           	1B08	0000	22

C:\Program Files (x86)\Microchip\xc8\v1.30\sources\pic18\d1ktcyx.c estimated size: 22

../src/interrupts.c
		_enable_interru		CODE           	1BAA	0000	8
		_in_low_int    		CODE           	171E	0000	70
		_in_main       		CODE           	1764	0000	68
		_in_high_int   		CODE           	1B42	0000	18
		_InterruptHandl		CODE           	0018	0000	166
		_InterruptHandl		CODE           	0008	0000	4588

../src/interrupts.c estimated size: 4918

C:\Program Files (x86)\Microchip\xc8\v1.30\sources\common\memcpy.c
		_memcpy        		CODE           	1672	0000	94

C:\Program Files (x86)\Microchip\xc8\v1.30\sources\common\memcpy.c estimated size: 94

../src/my_uart.c
		_init_uart_recv		CODE           	1ACC	0000	30
		_uart_recv_int_		CODE           	11F4	0000	156

../src/my_uart.c estimated size: 186

C:\Program Files (x86)\Microchip\xc8\v1.30\sources\pic18\plib\ADC\adcsetch.c
		_SetChanADC    		CODE           	1AAC	0000	32

C:\Program Files (x86)\Microchip\xc8\v1.30\sources\pic18\plib\ADC\adcsetch.c estimated size: 32

C:\Program Files (x86)\Microchip\xc8\v1.30\sources\pic18\plib\USART\uopen.c
		_OpenUSART     		CODE           	1290	0000	146

C:\Program Files (x86)\Microchip\xc8\v1.30\sources\pic18\plib\USART\uopen.c estimated size: 146

../src/messages.c
		_ToMainHigh_sen		CODE           	1A62	0000	38
		_ToMainHigh_rec		CODE           	17EA	0000	66
		_block_on_To_ms		CODE           	1430	0000	126
		_check_msg     		CODE           	1958	0000	54
		_ToMainLow_send		CODE           	1A3C	0000	38
		_ToMainLow_recv		CODE           	17A8	0000	66
		_FromMainHigh_s		CODE           	1922	0000	54
		_enter_sleep_mo		CODE           	1BB2	0000	6
		_send_msg      		CODE           	0C8E	0000	260
		_init_queue    		CODE           	14AE	0000	122
		_init_queues   		CODE           	159A	0000	110
		_recv_msg      		CODE           	0A4A	0000	310
		_SleepIfOkay   		CODE           	16D0	0000	78

../src/messages.c estimated size: 1328

C:\Program Files (x86)\Microchip\xc8\v1.30\sources\common\lwmod.c
		___lwmod       		CODE           	1322	0000	138

C:\Program Files (x86)\Microchip\xc8\v1.30\sources\common\lwmod.c estimated size: 138

../src/main.c
		_main          		CODE           	072E	0000	796

../src/main.c estimated size: 796

